DEBUG Found system configuration in: `/etc/uv/uv.toml`
DEBUG Searching for user configuration in: `/home/lcpu/88934705/.config/uv/uv.toml`
DEBUG uv 0.12.1 (x86_64-unknown-linux-gnu)
DEBUG Marking explicit source tree for reinstall: `/home/lcpu/88934705/lish/FlashKDA-uniform-h96`
DEBUG Searching for default Python interpreter in virtual environments
DEBUG Found `cpython-3.12.13-linux-x86_64-gnu` at `/home/lcpu/88934705/lish/FlashKDA/.venv-full/bin/python3` (active virtual environment)
Using Python 3.12.13 environment at: /home/lcpu/88934705/lish/FlashKDA/.venv-full
DEBUG Using request connect timeout of 10s and read timeout of 30s
DEBUG No `pyproject.toml` available for: file:///home/lcpu/88934705/lish/FlashKDA-uniform-h96
DEBUG Computed cache info: Timestamp(SystemTime { tv_sec: 1786930669, tv_nsec: 770037747 }), None, None, {}, {"src": None}. Most recently modified: setup.py
DEBUG Preparing metadata for: file:///home/lcpu/88934705/lish/FlashKDA-uniform-h96
DEBUG Assessing Python executable as base candidate: /home/lcpu/88934705/.local/share/uv/python/cpython-3.12-linux-x86_64-gnu/bin/python3.12
DEBUG Proceeding without build isolation
DEBUG Locking the source tree for setuptools
DEBUG Calling `setuptools.build_meta:__legacy__.prepare_metadata_for_build_wheel()`
DEBUG running dist_info
DEBUG creating /home/lcpu/.uv-cache/builds-v0/.tmp948d0F/metadata_directory/flash_kda.egg-info
DEBUG writing /home/lcpu/.uv-cache/builds-v0/.tmp948d0F/metadata_directory/flash_kda.egg-info/PKG-INFO
DEBUG writing dependency_links to /home/lcpu/.uv-cache/builds-v0/.tmp948d0F/metadata_directory/flash_kda.egg-info/dependency_links.txt
DEBUG writing top-level names to /home/lcpu/.uv-cache/builds-v0/.tmp948d0F/metadata_directory/flash_kda.egg-info/top_level.txt
DEBUG writing manifest file '/home/lcpu/.uv-cache/builds-v0/.tmp948d0F/metadata_directory/flash_kda.egg-info/SOURCES.txt'
DEBUG reading manifest file '/home/lcpu/.uv-cache/builds-v0/.tmp948d0F/metadata_directory/flash_kda.egg-info/SOURCES.txt'
DEBUG adding license file 'LICENSE'
DEBUG writing manifest file '/home/lcpu/.uv-cache/builds-v0/.tmp948d0F/metadata_directory/flash_kda.egg-info/SOURCES.txt'
DEBUG creating '/home/lcpu/.uv-cache/builds-v0/.tmp948d0F/metadata_directory/flash_kda-0.0.1+556850c.dist-info'
DEBUG Prepared metadata for: file:///home/lcpu/88934705/lish/FlashKDA-uniform-h96
DEBUG Solving with installed Python version: 3.12.13
DEBUG Solving with target Python version: >=3.12.13
DEBUG Adding direct dependency: flash-kda*
DEBUG Searching for a compatible version of flash-kda @ file:///home/lcpu/88934705/lish/FlashKDA-uniform-h96 (*)
DEBUG Tried 1 versions: flash-kda 1
DEBUG marker environment resolution took 0.000s
Resolved 1 package in 2.03s
DEBUG Must revalidate requirement: flash-kda
DEBUG Unnecessary package: annotated-doc==0.0.5
DEBUG Unnecessary package: anyio==4.14.2
DEBUG Unnecessary package: certifi==2026.7.22
DEBUG Unnecessary package: click==8.4.2
DEBUG Unnecessary package: contourpy==1.3.3
DEBUG Unnecessary package: cuda-bindings==13.0.3
DEBUG Unnecessary package: cuda-pathfinder==1.2.2
DEBUG Unnecessary package: cuda-toolkit==13.0.2
DEBUG Unnecessary package: cycler==0.12.1
DEBUG Unnecessary package: einops==0.8.2
DEBUG Unnecessary package: execnet==2.1.2
DEBUG Unnecessary package: filelock==3.29.0
DEBUG Unnecessary package: fla-core==0.5.2
DEBUG Unnecessary package: flash-linear-attention==0.5.2
DEBUG Unnecessary package: fonttools==4.63.0
DEBUG Unnecessary package: fsspec==2026.4.0
DEBUG Unnecessary package: h11==0.16.0
DEBUG Unnecessary package: hf-xet==1.6.0
DEBUG Unnecessary package: httpcore==1.0.9
DEBUG Unnecessary package: httpx==0.28.1
DEBUG Unnecessary package: huggingface-hub==1.27.0
DEBUG Unnecessary package: idna==3.18
DEBUG Unnecessary package: iniconfig==2.3.0
DEBUG Unnecessary package: jinja2==3.1.6
DEBUG Unnecessary package: kiwisolver==1.5.0
DEBUG Unnecessary package: markdown-it-py==4.2.0
DEBUG Unnecessary package: markupsafe==3.0.3
DEBUG Unnecessary package: matplotlib==3.11.1
DEBUG Unnecessary package: mdurl==0.1.2
DEBUG Unnecessary package: mpmath==1.3.0
DEBUG Unnecessary package: networkx==3.6.1
DEBUG Unnecessary package: ninja==1.13.0
DEBUG Unnecessary package: numpy==2.5.2
DEBUG Unnecessary package: nvidia-cublas==13.1.1.3
DEBUG Unnecessary package: nvidia-cuda-cupti==13.0.85
DEBUG Unnecessary package: nvidia-cuda-nvrtc==13.0.88
DEBUG Unnecessary package: nvidia-cuda-runtime==13.0.96
DEBUG Unnecessary package: nvidia-cudnn-cu13==9.20.0.48
DEBUG Unnecessary package: nvidia-cufft==12.0.0.61
DEBUG Unnecessary package: nvidia-cufile==1.15.1.6
DEBUG Unnecessary package: nvidia-curand==10.4.0.35
DEBUG Unnecessary package: nvidia-cusolver==12.0.4.66
DEBUG Unnecessary package: nvidia-cusparse==12.6.3.3
DEBUG Unnecessary package: nvidia-cusparselt-cu13==0.8.1
DEBUG Unnecessary package: nvidia-nccl-cu13==2.29.7
DEBUG Unnecessary package: nvidia-nvjitlink==13.0.88
DEBUG Unnecessary package: nvidia-nvshmem-cu13==3.4.5
DEBUG Unnecessary package: nvidia-nvtx==13.0.85
DEBUG Unnecessary package: packaging==26.3
DEBUG Unnecessary package: pillow==12.3.0
DEBUG Unnecessary package: pluggy==1.6.0
DEBUG Unnecessary package: pygments==2.20.0
DEBUG Unnecessary package: pyparsing==3.3.2
DEBUG Unnecessary package: pytest==9.1.1
DEBUG Unnecessary package: pytest-xdist==3.8.0
DEBUG Unnecessary package: python-dateutil==2.9.0.post0
DEBUG Unnecessary package: pyyaml==6.0.3
DEBUG Unnecessary package: regex==2026.7.19
DEBUG Unnecessary package: rich==15.0.0
DEBUG Unnecessary package: safetensors==0.8.0
DEBUG Unnecessary package: setuptools==78.1.0
DEBUG Unnecessary package: shellingham==1.5.4
DEBUG Unnecessary package: six==1.17.0
DEBUG Unnecessary package: sympy==1.14.0
DEBUG Unnecessary package: tokenizers==0.22.2
DEBUG Unnecessary package: torch==2.12.1+cu130
DEBUG Unnecessary package: tqdm==4.70.0
DEBUG Unnecessary package: transformers==5.14.1
DEBUG Unnecessary package: triton==3.7.1
DEBUG Unnecessary package: typer==0.27.1
DEBUG Unnecessary package: typing-extensions==4.15.0
DEBUG Unnecessary package: wheel==0.47.0
DEBUG Computed cache info: Timestamp(SystemTime { tv_sec: 1786930669, tv_nsec: 770037747 }), None, None, {}, {"src": None}. Most recently modified: setup.py
   Building flash-kda @ file:///home/lcpu/88934705/lish/FlashKDA-uniform-h96
DEBUG Building: flash-kda @ file:///home/lcpu/88934705/lish/FlashKDA-uniform-h96
DEBUG Assessing Python executable as base candidate: /home/lcpu/88934705/.local/share/uv/python/cpython-3.12-linux-x86_64-gnu/bin/python3.12
DEBUG Reusing existing build environment for: flash-kda @ file:///home/lcpu/88934705/lish/FlashKDA-uniform-h96
DEBUG Locking the source tree for setuptools
DEBUG Calling `setuptools.build_meta:__legacy__.build_wheel(__import__("os").fsdecode(b"/home/lcpu/.uv-cache/builds-v0/.tmp7ZUaGz"), {}, __import__("os").fsdecode(b"/home/lcpu/.uv-cache/builds-v0/.tmp948d0F/metadata_directory/flash_kda-0.0.1+556850c.dist-info"))`
DEBUG running bdist_wheel
DEBUG running build
DEBUG running build_py
DEBUG creating build/lib.linux-x86_64-cpython-312/flash_kda
DEBUG copying flash_kda/__init__.py -> build/lib.linux-x86_64-cpython-312/flash_kda
DEBUG copying flash_kda/cp.py -> build/lib.linux-x86_64-cpython-312/flash_kda
DEBUG running build_ext
DEBUG building 'flash_kda_C' extension
DEBUG creating /home/lcpu/88934705/lish/FlashKDA-uniform-h96/build/temp.linux-x86_64-cpython-312/csrc
DEBUG creating /home/lcpu/88934705/lish/FlashKDA-uniform-h96/build/temp.linux-x86_64-cpython-312/csrc/smxx
DEBUG [1/3] /usr/local/cuda/bin/nvcc -MD -MF /home/lcpu/88934705/lish/FlashKDA-uniform-h96/build/temp.linux-x86_64-cpython-312/csrc/smxx/fwd_launch.o.d -I/home/lcpu/88934705/lish/FlashKDA-uniform-h96/cutlass/include -I/home/lcpu/88934705/lish/FlashKDA-uniform-h96/cutlass/examples/common -I/home/lcpu/88934705/lish/FlashKDA-uniform-h96/cutlass/tools/util/include -I/home/lcpu/88934705/lish/FlashKDA-uniform-h96/csrc -I/home/lcpu/88934705/lish/FlashKDA/.venv-full/lib/python3.12/site-packages/torch/include -I/home/lcpu/88934705/lish/FlashKDA/.venv-full/lib/python3.12/site-packages/torch/include/torch/csrc/api/include -I/usr/local/cuda/include -I/home/lcpu/88934705/lish/FlashKDA/.venv-full/include -I/home/lcpu/88934705/.local/share/uv/python/cpython-3.12.13-linux-x86_64-gnu/include/python3.12 -c -c /home/lcpu/88934705/lish/FlashKDA-uniform-h96/csrc/smxx/fwd_launch.cu -o /home/lcpu/88934705/lish/FlashKDA-uniform-h96/build/temp.linux-x86_64-cpython-312/csrc/smxx/fwd_launch.o -D__CUDA_NO_HALF_OPERATORS__ -D__CUDA_NO_HALF_CONVERSIONS__ -D__CUDA_NO_BFLOAT16_CONVERSIONS__ -D__CUDA_NO_HALF2_OPERATORS__ --expt-relaxed-constexpr --compiler-options ''"'"'-fPIC'"'"'' -O3 -U__CUDA_NO_HALF_OPERATORS__ -U__CUDA_NO_HALF_CONVERSIONS__ -U__CUDA_NO_HALF2_OPERATORS__ -U__CUDA_NO_BFLOAT16_CONVERSIONS__ --expt-relaxed-constexpr --expt-extended-lambda --use_fast_math --ptxas-options=-v,--register-usage-level=10,--warn-on-spills -lineinfo --threads 32 -gencode arch=compute_103a,code=sm_103a -DTORCH_API_INCLUDE_EXTENSION_H -DTORCH_EXTENSION_NAME=flash_kda_C -std=c++20
DEBUG FAILED: [code=255] /home/lcpu/88934705/lish/FlashKDA-uniform-h96/build/temp.linux-x86_64-cpython-312/csrc/smxx/fwd_launch.o 
DEBUG /usr/local/cuda/bin/nvcc -MD -MF /home/lcpu/88934705/lish/FlashKDA-uniform-h96/build/temp.linux-x86_64-cpython-312/csrc/smxx/fwd_launch.o.d -I/home/lcpu/88934705/lish/FlashKDA-uniform-h96/cutlass/include -I/home/lcpu/88934705/lish/FlashKDA-uniform-h96/cutlass/examples/common -I/home/lcpu/88934705/lish/FlashKDA-uniform-h96/cutlass/tools/util/include -I/home/lcpu/88934705/lish/FlashKDA-uniform-h96/csrc -I/home/lcpu/88934705/lish/FlashKDA/.venv-full/lib/python3.12/site-packages/torch/include -I/home/lcpu/88934705/lish/FlashKDA/.venv-full/lib/python3.12/site-packages/torch/include/torch/csrc/api/include -I/usr/local/cuda/include -I/home/lcpu/88934705/lish/FlashKDA/.venv-full/include -I/home/lcpu/88934705/.local/share/uv/python/cpython-3.12.13-linux-x86_64-gnu/include/python3.12 -c -c /home/lcpu/88934705/lish/FlashKDA-uniform-h96/csrc/smxx/fwd_launch.cu -o /home/lcpu/88934705/lish/FlashKDA-uniform-h96/build/temp.linux-x86_64-cpython-312/csrc/smxx/fwd_launch.o -D__CUDA_NO_HALF_OPERATORS__ -D__CUDA_NO_HALF_CONVERSIONS__ -D__CUDA_NO_BFLOAT16_CONVERSIONS__ -D__CUDA_NO_HALF2_OPERATORS__ --expt-relaxed-constexpr --compiler-options ''"'"'-fPIC'"'"'' -O3 -U__CUDA_NO_HALF_OPERATORS__ -U__CUDA_NO_HALF_CONVERSIONS__ -U__CUDA_NO_HALF2_OPERATORS__ -U__CUDA_NO_BFLOAT16_CONVERSIONS__ --expt-relaxed-constexpr --expt-extended-lambda --use_fast_math --ptxas-options=-v,--register-usage-level=10,--warn-on-spills -lineinfo --threads 32 -gencode arch=compute_103a,code=sm_103a -DTORCH_API_INCLUDE_EXTENSION_H -DTORCH_EXTENSION_NAME=flash_kda_C -std=c++20
DEBUG /home/lcpu/88934705/lish/FlashKDA-uniform-h96/csrc/smxx/tcgen05_sm103_probe.cuh(796): warning #177-D: variable "lane" was declared but never referenced
DEBUG       int const lane = tid & 31;
DEBUG                 ^
DEBUG 
DEBUG Remark: The warnings can be suppressed with "-diag-suppress <warning-number>"
DEBUG 
DEBUG /home/lcpu/88934705/lish/FlashKDA-uniform-h96/csrc/smxx/tmem_k2_sm103.cuh(718): error: the default constructor of "flash_kda_sm103_tmem::TmemK2QPipelineSharedStorage" cannot be referenced -- it is a deleted function
DEBUG       TmemK2QPipelineSharedStorage shared;
DEBUG                                    ^
DEBUG           detected during instantiation of "void launch_fwd<D,HasStateIn,HasStateOut,StateFP32,IsVarlen>(const cutlass::bfloat16_t *, const cutlass::bfloat16_t *, const cutlass::bfloat16_t *, const cutlass::bfloat16_t *, const cutlass::bfloat16_t *, const void *, const void *, float, void *, cutlass::bfloat16_t *, void *, int, int, int, int, const int64_t *, const float *, const float *, float, cudaStream_t) [with D=128, HasStateIn=true, HasStateOut=true, StateFP32=false, IsVarlen=true]" at line 1707 of /home/lcpu/88934705/lish/FlashKDA-uniform-h96/csrc/smxx/fwd_launch.cu
DEBUG 
DEBUG /home/lcpu/88934705/lish/FlashKDA-uniform-h96/csrc/smxx/tmem_k2_sm103.cuh(750): warning #177-D: variable "kQVectors" was declared but never referenced
DEBUG       constexpr int kQVectors =
DEBUG                     ^
DEBUG           detected during instantiation of "void launch_fwd<D,HasStateIn,HasStateOut,StateFP32,IsVarlen>(const cutlass::bfloat16_t *, const cutlass::bfloat16_t *, const cutlass::bfloat16_t *, const cutlass::bfloat16_t *, const cutlass::bfloat16_t *, const void *, const void *, float, void *, cutlass::bfloat16_t *, void *, int, int, int, int, const int64_t *, const float *, const float *, float, cudaStream_t) [with D=128, HasStateIn=true, HasStateOut=true, StateFP32=false, IsVarlen=true]" at line 1707 of /home/lcpu/88934705/lish/FlashKDA-uniform-h96/csrc/smxx/fwd_launch.cu
DEBUG 
DEBUG 1 error detected in the compilation of "/home/lcpu/88934705/lish/FlashKDA-uniform-h96/csrc/smxx/fwd_launch.cu".
DEBUG [2/3] c++ -MMD -MF /home/lcpu/88934705/lish/FlashKDA-uniform-h96/build/temp.linux-x86_64-cpython-312/csrc/flash_kda.o.d -pthread -fno-strict-overflow -Wsign-compare -Wunreachable-code -DNDEBUG -g -O3 -Wall -O3 -fstack-protector -fstack-clash-protection -U_FORTIFY_SOURCE -D_FORTIFY_SOURCE=2 -fno-omit-frame-pointer -mno-omit-leaf-frame-pointer -fPIC -fPIC -I/home/lcpu/88934705/lish/FlashKDA-uniform-h96/cutlass/include -I/home/lcpu/88934705/lish/FlashKDA-uniform-h96/cutlass/examples/common -I/home/lcpu/88934705/lish/FlashKDA-uniform-h96/cutlass/tools/util/include -I/home/lcpu/88934705/lish/FlashKDA-uniform-h96/csrc -I/home/lcpu/88934705/lish/FlashKDA/.venv-full/lib/python3.12/site-packages/torch/include -I/home/lcpu/88934705/lish/FlashKDA/.venv-full/lib/python3.12/site-packages/torch/include/torch/csrc/api/include -I/usr/local/cuda/include -I/home/lcpu/88934705/lish/FlashKDA/.venv-full/include -I/home/lcpu/88934705/.local/share/uv/python/cpython-3.12.13-linux-x86_64-gnu/include/python3.12 -c -c /home/lcpu/88934705/lish/FlashKDA-uniform-h96/csrc/flash_kda.cpp -o /home/lcpu/88934705/lish/FlashKDA-uniform-h96/build/temp.linux-x86_64-cpython-312/csrc/flash_kda.o -O3 -Wno-psabi -DTORCH_API_INCLUDE_EXTENSION_H -DTORCH_EXTENSION_NAME=flash_kda_C -std=c++20
DEBUG In file included from /home/lcpu/88934705/lish/FlashKDA-uniform-h96/cutlass/include/cutlass/bfloat16.h:50,
DEBUG                  from /home/lcpu/88934705/lish/FlashKDA-uniform-h96/csrc/fwd.h:4,
DEBUG                  from /home/lcpu/88934705/lish/FlashKDA-uniform-h96/csrc/flash_kda.cpp:4:
DEBUG /home/lcpu/88934705/lish/FlashKDA-uniform-h96/cutlass/include/cutlass/platform/platform.h:658:21: warning: ‘long4’ is deprecated: use long4_16a or long4_32a [-Wdeprecated-declarations]
DEBUG   658 | struct alignment_of<long4> {
DEBUG       |                     ^~~~~
DEBUG In file included from /usr/local/cuda/include/driver_types.h:61,
DEBUG                  from /usr/local/cuda/include/builtin_types.h:59,
DEBUG                  from /usr/local/cuda/include/cuda_runtime_api.h:150,
DEBUG                  from /home/lcpu/88934705/lish/FlashKDA/.venv-full/lib/python3.12/site-packages/torch/include/c10/cuda/CUDAStream.h:4,
DEBUG                  from /home/lcpu/88934705/lish/FlashKDA-uniform-h96/csrc/flash_kda.cpp:2:
DEBUG /usr/local/cuda/include/vector_types.h:532:98: note: declared here
DEBUG   532 | typedef __device_builtin__ struct long4 __VECTOR_TYPE_DEPRECATED__("use long4_16a or long4_32a") long4;
DEBUG       |                                                                                                  ^~~~~
DEBUG /home/lcpu/88934705/lish/FlashKDA-uniform-h96/cutlass/include/cutlass/platform/platform.h:662:21: warning: ‘ulong4’ is deprecated: use ulong4_16a or ulong4_32a [-Wdeprecated-declarations]
DEBUG   662 | struct alignment_of<ulong4> {
DEBUG       |                     ^~~~~~
DEBUG /usr/local/cuda/include/vector_types.h:533:101: note: declared here
DEBUG   533 | typedef __device_builtin__ struct ulong4 __VECTOR_TYPE_DEPRECATED__("use ulong4_16a or ulong4_32a") ulong4;
DEBUG       |                                                                                                     ^~~~~~
DEBUG /home/lcpu/88934705/lish/FlashKDA-uniform-h96/cutlass/include/cutlass/platform/platform.h:666:21: warning: ‘longlong4’ is deprecated: use longlong4_16a or longlong4_32a [-Wdeprecated-declarations]
DEBUG   666 | struct alignment_of<longlong4> {
DEBUG       |                     ^~~~~~~~~
DEBUG /usr/local/cuda/include/vector_types.h:550:110: note: declared here
DEBUG   550 | typedef __device_builtin__ struct longlong4 __VECTOR_TYPE_DEPRECATED__("use longlong4_16a or longlong4_32a") longlong4;
DEBUG       |                                                                                                              ^~~~~~~~~
DEBUG /home/lcpu/88934705/lish/FlashKDA-uniform-h96/cutlass/include/cutlass/platform/platform.h:670:21: warning: ‘ulonglong4’ is deprecated: use ulonglong4_16a or ulonglong4_32a [-Wdeprecated-declarations]
DEBUG   670 | struct alignment_of<ulonglong4> {
DEBUG       |                     ^~~~~~~~~~
DEBUG /usr/local/cuda/include/vector_types.h:551:113: note: declared here
DEBUG   551 | typedef __device_builtin__ struct ulonglong4 __VECTOR_TYPE_DEPRECATED__("use ulonglong4_16a or ulonglong4_32a") ulonglong4;
DEBUG       |                                                                                                                 ^~~~~~~~~~
DEBUG /home/lcpu/88934705/lish/FlashKDA-uniform-h96/cutlass/include/cutlass/platform/platform.h:674:21: warning: ‘double4’ is deprecated: use double4_16a or double4_32a [-Wdeprecated-declarations]
DEBUG   674 | struct alignment_of<double4> {
DEBUG       |                     ^~~~~~~
DEBUG /usr/local/cuda/include/vector_types.h:561:104: note: declared here
DEBUG   561 | typedef __device_builtin__ struct double4 __VECTOR_TYPE_DEPRECATED__("use double4_16a or double4_32a") double4;
DEBUG       |                                                                                                        ^~~~~~~
DEBUG [3/3] /usr/local/cuda/bin/nvcc -MD -MF /home/lcpu/88934705/lish/FlashKDA-uniform-h96/build/temp.linux-x86_64-cpython-312/csrc/warmup_chunks.o.d -I/home/lcpu/88934705/lish/FlashKDA-uniform-h96/cutlass/include -I/home/lcpu/88934705/lish/FlashKDA-uniform-h96/cutlass/examples/common -I/home/lcpu/88934705/lish/FlashKDA-uniform-h96/cutlass/tools/util/include -I/home/lcpu/88934705/lish/FlashKDA-uniform-h96/csrc -I/home/lcpu/88934705/lish/FlashKDA/.venv-full/lib/python3.12/site-packages/torch/include -I/home/lcpu/88934705/lish/FlashKDA/.venv-full/lib/python3.12/site-packages/torch/include/torch/csrc/api/include -I/usr/local/cuda/include -I/home/lcpu/88934705/lish/FlashKDA/.venv-full/include -I/home/lcpu/88934705/.local/share/uv/python/cpython-3.12.13-linux-x86_64-gnu/include/python3.12 -c -c /home/lcpu/88934705/lish/FlashKDA-uniform-h96/csrc/warmup_chunks.cu -o /home/lcpu/88934705/lish/FlashKDA-uniform-h96/build/temp.linux-x86_64-cpython-312/csrc/warmup_chunks.o -D__CUDA_NO_HALF_OPERATORS__ -D__CUDA_NO_HALF_CONVERSIONS__ -D__CUDA_NO_BFLOAT16_CONVERSIONS__ -D__CUDA_NO_HALF2_OPERATORS__ --expt-relaxed-constexpr --compiler-options ''"'"'-fPIC'"'"'' -O3 -U__CUDA_NO_HALF_OPERATORS__ -U__CUDA_NO_HALF_CONVERSIONS__ -U__CUDA_NO_HALF2_OPERATORS__ -U__CUDA_NO_BFLOAT16_CONVERSIONS__ --expt-relaxed-constexpr --expt-extended-lambda --use_fast_math --ptxas-options=-v,--register-usage-level=10,--warn-on-spills -lineinfo --threads 32 -gencode arch=compute_103a,code=sm_103a -DTORCH_API_INCLUDE_EXTENSION_H -DTORCH_EXTENSION_NAME=flash_kda_C -std=c++20
DEBUG /home/lcpu/88934705/lish/FlashKDA/.venv-full/lib/python3.12/site-packages/torch/include/torch/csrc/api/include/torch/nn/modules/container/any_module_holder.h(93): warning #3189-D: "module" is parsed as an identifier rather than a keyword because the tokens that follow it do not match those of a preprocessor directive
DEBUG             module->_forward_populate_default_args(std::move(arguments)));
DEBUG             ^
DEBUG 
DEBUG Remark: The warnings can be suppressed with "-diag-suppress <warning-number>"
DEBUG 
DEBUG /home/lcpu/88934705/lish/FlashKDA/.venv-full/lib/python3.12/site-packages/torch/include/torch/csrc/api/include/torch/python.h(93): warning #3189-D: "module" is parsed as an identifier rather than a keyword because the tokens that follow it do not match those of a preprocessor directive
DEBUG     module.attr(name) = wrapper_class;
DEBUG     ^
DEBUG 
DEBUG /home/lcpu/88934705/lish/FlashKDA/.venv-full/lib/python3.12/site-packages/torch/include/torch/csrc/api/include/torch/python.h(155): warning #3189-D: "module" is parsed as an identifier rather than a keyword because the tokens that follow it do not match those of a preprocessor directive
DEBUG                 module.to(
DEBUG                 ^
DEBUG 
DEBUG /home/lcpu/88934705/lish/FlashKDA/.venv-full/lib/python3.12/site-packages/torch/include/torch/csrc/api/include/torch/python.h(159): warning #3189-D: "module" is parsed as an identifier rather than a keyword because the tokens that follow it do not match those of a preprocessor directive
DEBUG                 module.to(detail::py_object_to_dtype(object), non_blocking);
DEBUG                 ^
DEBUG 
DEBUG /home/lcpu/88934705/lish/FlashKDA/.venv-full/lib/python3.12/site-packages/torch/include/torch/csrc/api/include/torch/python.h(170): warning #3189-D: "module" is parsed as an identifier rather than a keyword because the tokens that follow it do not match those of a preprocessor directive
DEBUG                   module.to(detail::py_object_to_dtype(dtype), non_blocking);
DEBUG                   ^
DEBUG 
DEBUG /home/lcpu/88934705/lish/FlashKDA/.venv-full/lib/python3.12/site-packages/torch/include/torch/csrc/api/include/torch/python.h(172): warning #3189-D: "module" is parsed as an identifier rather than a keyword because the tokens that follow it do not match those of a preprocessor directive
DEBUG                   module.to(detail::py_object_to_device(device), non_blocking);
DEBUG                   ^
DEBUG 
DEBUG /home/lcpu/88934705/lish/FlashKDA/.venv-full/lib/python3.12/site-packages/torch/include/torch/csrc/api/include/torch/python.h(174): warning #3189-D: "module" is parsed as an identifier rather than a keyword because the tokens that follow it do not match those of a preprocessor directive
DEBUG                   module.to(
DEBUG                   ^
DEBUG 
DEBUG /home/lcpu/88934705/lish/FlashKDA/.venv-full/lib/python3.12/site-packages/torch/include/torch/csrc/api/include/torch/nn/modules/container/any_module_holder.h(93): warning #3189-D: "module" is parsed as an identifier rather than a keyword because the tokens that follow it do not match those of a preprocessor directive
DEBUG             module->_forward_populate_default_args(std::move(arguments)));
DEBUG             ^
DEBUG 
DEBUG Remark: The warnings can be suppressed with "-diag-suppress <warning-number>"
DEBUG 
DEBUG /home/lcpu/88934705/lish/FlashKDA/.venv-full/lib/python3.12/site-packages/torch/include/torch/csrc/api/include/torch/python.h(93): warning #3189-D: "module" is parsed as an identifier rather than a keyword because the tokens that follow it do not match those of a preprocessor directive
DEBUG     module.attr(name) = wrapper_class;
DEBUG     ^
DEBUG 
DEBUG /home/lcpu/88934705/lish/FlashKDA/.venv-full/lib/python3.12/site-packages/torch/include/torch/csrc/api/include/torch/python.h(155): warning #3189-D: "module" is parsed as an identifier rather than a keyword because the tokens that follow it do not match those of a preprocessor directive
DEBUG                 module.to(
DEBUG                 ^
DEBUG 
DEBUG /home/lcpu/88934705/lish/FlashKDA/.venv-full/lib/python3.12/site-packages/torch/include/torch/csrc/api/include/torch/python.h(159): warning #3189-D: "module" is parsed as an identifier rather than a keyword because the tokens that follow it do not match those of a preprocessor directive
DEBUG                 module.to(detail::py_object_to_dtype(object), non_blocking);
DEBUG                 ^
DEBUG 
DEBUG /home/lcpu/88934705/lish/FlashKDA/.venv-full/lib/python3.12/site-packages/torch/include/torch/csrc/api/include/torch/python.h(170): warning #3189-D: "module" is parsed as an identifier rather than a keyword because the tokens that follow it do not match those of a preprocessor directive
DEBUG                   module.to(detail::py_object_to_dtype(dtype), non_blocking);
DEBUG                   ^
DEBUG 
DEBUG /home/lcpu/88934705/lish/FlashKDA/.venv-full/lib/python3.12/site-packages/torch/include/torch/csrc/api/include/torch/python.h(172): warning #3189-D: "module" is parsed as an identifier rather than a keyword because the tokens that follow it do not match those of a preprocessor directive
DEBUG                   module.to(detail::py_object_to_device(device), non_blocking);
DEBUG                   ^
DEBUG 
DEBUG /home/lcpu/88934705/lish/FlashKDA/.venv-full/lib/python3.12/site-packages/torch/include/torch/csrc/api/include/torch/python.h(174): warning #3189-D: "module" is parsed as an identifier rather than a keyword because the tokens that follow it do not match those of a preprocessor directive
DEBUG                   module.to(
DEBUG                   ^
DEBUG 
DEBUG ptxas info    : 28 bytes gmem
DEBUG ptxas info    : Compiling entry function '_Z24get_warmup_chunks_kernelPK13__nv_bfloat16PKfS3_fifPKliiPiPb' for 'sm_103a'
DEBUG ptxas info    : Function properties for _Z24get_warmup_chunks_kernelPK13__nv_bfloat16PKfS3_fifPKliiPiPb
DEBUG     0 bytes stack frame, 0 bytes spill stores, 0 bytes spill loads
DEBUG ptxas info    : Used 32 registers, used 1 barriers
DEBUG ptxas info    : Compile time = 10.154 ms
DEBUG ninja: build stopped: subcommand failed.
DEBUG Traceback (most recent call last):
DEBUG   File "/home/lcpu/88934705/lish/FlashKDA/.venv-full/lib/python3.12/site-packages/torch/utils/cpp_extension.py", line 2782, in _run_ninja_build
DEBUG     subprocess.run(
DEBUG   File "/home/lcpu/88934705/.local/share/uv/python/cpython-3.12.13-linux-x86_64-gnu/lib/python3.12/subprocess.py", line 571, in run
DEBUG     raise CalledProcessError(retcode, process.args,
DEBUG subprocess.CalledProcessError: Command '['ninja', '-v']' returned non-zero exit status 255.
DEBUG 
DEBUG The above exception was the direct cause of the following exception:
DEBUG 
DEBUG Traceback (most recent call last):
DEBUG   File "<string>", line 11, in <module>
DEBUG   File "/home/lcpu/88934705/lish/FlashKDA/.venv-full/lib/python3.12/site-packages/setuptools/build_meta.py", line 438, in build_wheel
DEBUG     return _build(['bdist_wheel', '--dist-info-dir', str(metadata_directory)])
DEBUG            ^^^^^^^^^^^^^^^^^^^^^^^^^^^^^^^^^^^^^^^^^^^^^^^^^^^^^^^^^^^^^^^^^^^
DEBUG   File "/home/lcpu/88934705/lish/FlashKDA/.venv-full/lib/python3.12/site-packages/setuptools/build_meta.py", line 426, in _build
DEBUG     return self._build_with_temp_dir(
DEBUG            ^^^^^^^^^^^^^^^^^^^^^^^^^^
DEBUG   File "/home/lcpu/88934705/lish/FlashKDA/.venv-full/lib/python3.12/site-packages/setuptools/build_meta.py", line 407, in _build_with_temp_dir
DEBUG     self.run_setup()
DEBUG   File "/home/lcpu/88934705/lish/FlashKDA/.venv-full/lib/python3.12/site-packages/setuptools/build_meta.py", line 522, in run_setup
DEBUG     super().run_setup(setup_script=setup_script)
DEBUG   File "/home/lcpu/88934705/lish/FlashKDA/.venv-full/lib/python3.12/site-packages/setuptools/build_meta.py", line 320, in run_setup
DEBUG     exec(code, locals())
DEBUG   File "<string>", line 98, in <module>
DEBUG   File "/home/lcpu/88934705/lish/FlashKDA/.venv-full/lib/python3.12/site-packages/setuptools/__init__.py", line 117, in setup
DEBUG     return distutils.core.setup(**attrs)
DEBUG            ^^^^^^^^^^^^^^^^^^^^^^^^^^^^^
DEBUG   File "/home/lcpu/88934705/lish/FlashKDA/.venv-full/lib/python3.12/site-packages/setuptools/_distutils/core.py", line 186, in setup
DEBUG     return run_commands(dist)
DEBUG            ^^^^^^^^^^^^^^^^^^
DEBUG   File "/home/lcpu/88934705/lish/FlashKDA/.venv-full/lib/python3.12/site-packages/setuptools/_distutils/core.py", line 202, in run_commands
DEBUG     dist.run_commands()
DEBUG   File "/home/lcpu/88934705/lish/FlashKDA/.venv-full/lib/python3.12/site-packages/setuptools/_distutils/dist.py", line 1002, in run_commands
DEBUG     self.run_command(cmd)
DEBUG   File "/home/lcpu/88934705/lish/FlashKDA/.venv-full/lib/python3.12/site-packages/setuptools/dist.py", line 1104, in run_command
DEBUG     super().run_command(command)
DEBUG   File "/home/lcpu/88934705/lish/FlashKDA/.venv-full/lib/python3.12/site-packages/setuptools/_distutils/dist.py", line 1021, in run_command
DEBUG     cmd_obj.run()
DEBUG   File "/home/lcpu/88934705/lish/FlashKDA/.venv-full/lib/python3.12/site-packages/setuptools/command/bdist_wheel.py", line 370, in run
DEBUG     self.run_command("build")
DEBUG   File "/home/lcpu/88934705/lish/FlashKDA/.venv-full/lib/python3.12/site-packages/setuptools/_distutils/cmd.py", line 357, in run_command
DEBUG     self.distribution.run_command(command)
DEBUG   File "/home/lcpu/88934705/lish/FlashKDA/.venv-full/lib/python3.12/site-packages/setuptools/dist.py", line 1104, in run_command
DEBUG     super().run_command(command)
DEBUG   File "/home/lcpu/88934705/lish/FlashKDA/.venv-full/lib/python3.12/site-packages/setuptools/_distutils/dist.py", line 1021, in run_command
DEBUG     cmd_obj.run()
DEBUG   File "/home/lcpu/88934705/lish/FlashKDA/.venv-full/lib/python3.12/site-packages/setuptools/_distutils/command/build.py", line 135, in run
DEBUG     self.run_command(cmd_name)
DEBUG   File "/home/lcpu/88934705/lish/FlashKDA/.venv-full/lib/python3.12/site-packages/setuptools/_distutils/cmd.py", line 357, in run_command
DEBUG     self.distribution.run_command(command)
DEBUG   File "/home/lcpu/88934705/lish/FlashKDA/.venv-full/lib/python3.12/site-packages/setuptools/dist.py", line 1104, in run_command
DEBUG     super().run_command(command)
DEBUG   File "/home/lcpu/88934705/lish/FlashKDA/.venv-full/lib/python3.12/site-packages/setuptools/_distutils/dist.py", line 1021, in run_command
DEBUG     cmd_obj.run()
DEBUG   File "/home/lcpu/88934705/lish/FlashKDA/.venv-full/lib/python3.12/site-packages/setuptools/command/build_ext.py", line 99, in run
DEBUG     _build_ext.run(self)
DEBUG   File "/home/lcpu/88934705/lish/FlashKDA/.venv-full/lib/python3.12/site-packages/setuptools/_distutils/command/build_ext.py", line 368, in run
DEBUG     self.build_extensions()
DEBUG   File "/home/lcpu/88934705/lish/FlashKDA/.venv-full/lib/python3.12/site-packages/torch/utils/cpp_extension.py", line 1184, in build_extensions
DEBUG     build_ext.build_extensions(self)
DEBUG   File "/home/lcpu/88934705/lish/FlashKDA/.venv-full/lib/python3.12/site-packages/setuptools/_distutils/command/build_ext.py", line 484, in build_extensions
DEBUG     self._build_extensions_serial()
DEBUG   File "/home/lcpu/88934705/lish/FlashKDA/.venv-full/lib/python3.12/site-packages/setuptools/_distutils/command/build_ext.py", line 510, in _build_extensions_serial
DEBUG     self.build_extension(ext)
DEBUG   File "/home/lcpu/88934705/lish/FlashKDA/.venv-full/lib/python3.12/site-packages/setuptools/command/build_ext.py", line 264, in build_extension
DEBUG     _build_ext.build_extension(self, ext)
DEBUG   File "/home/lcpu/88934705/lish/FlashKDA/.venv-full/lib/python3.12/site-packages/setuptools/_distutils/command/build_ext.py", line 565, in build_extension
DEBUG     objects = self.compiler.compile(
DEBUG               ^^^^^^^^^^^^^^^^^^^^^^
DEBUG   File "/home/lcpu/88934705/lish/FlashKDA/.venv-full/lib/python3.12/site-packages/torch/utils/cpp_extension.py", line 924, in unix_wrap_ninja_compile
DEBUG     _write_ninja_file_and_compile_objects(
DEBUG   File "/home/lcpu/88934705/lish/FlashKDA/.venv-full/lib/python3.12/site-packages/torch/utils/cpp_extension.py", line 2364, in _write_ninja_file_and_compile_objects
DEBUG     _run_ninja_build(
DEBUG   File "/home/lcpu/88934705/lish/FlashKDA/.venv-full/lib/python3.12/site-packages/torch/utils/cpp_extension.py", line 2799, in _run_ninja_build
DEBUG     raise RuntimeError(message) from e
DEBUG RuntimeError: Error compiling objects for extension
  × Failed to build `flash-kda @ file:///home/lcpu/88934705/lish/FlashKDA-uniform-h96`
  ├─▶ The build backend returned an error
  ╰─▶ Call to `setuptools.build_meta:__legacy__.build_wheel` failed (exit status: 1)

      [stdout]
      running bdist_wheel
      running build
      running build_py
      creating build/lib.linux-x86_64-cpython-312/flash_kda
      copying flash_kda/__init__.py -> build/lib.linux-x86_64-cpython-312/flash_kda
      copying flash_kda/cp.py -> build/lib.linux-x86_64-cpython-312/flash_kda
      running build_ext
      building 'flash_kda_C' extension
      creating /home/lcpu/88934705/lish/FlashKDA-uniform-h96/build/temp.linux-x86_64-cpython-312/csrc
      creating /home/lcpu/88934705/lish/FlashKDA-uniform-h96/build/temp.linux-x86_64-cpython-312/csrc/smxx
      [1/3] /usr/local/cuda/bin/nvcc -MD -MF
      /home/lcpu/88934705/lish/FlashKDA-uniform-h96/build/temp.linux-x86_64-cpython-312/csrc/smxx/fwd_launch.o.d
      -I/home/lcpu/88934705/lish/FlashKDA-uniform-h96/cutlass/include
      -I/home/lcpu/88934705/lish/FlashKDA-uniform-h96/cutlass/examples/common
      -I/home/lcpu/88934705/lish/FlashKDA-uniform-h96/cutlass/tools/util/include
      -I/home/lcpu/88934705/lish/FlashKDA-uniform-h96/csrc
      -I/home/lcpu/88934705/lish/FlashKDA/.venv-full/lib/python3.12/site-packages/torch/include
      -I/home/lcpu/88934705/lish/FlashKDA/.venv-full/lib/python3.12/site-packages/torch/include/torch/csrc/api/include
      -I/usr/local/cuda/include -I/home/lcpu/88934705/lish/FlashKDA/.venv-full/include
      -I/home/lcpu/88934705/.local/share/uv/python/cpython-3.12.13-linux-x86_64-gnu/include/python3.12
      -c -c /home/lcpu/88934705/lish/FlashKDA-uniform-h96/csrc/smxx/fwd_launch.cu -o
      /home/lcpu/88934705/lish/FlashKDA-uniform-h96/build/temp.linux-x86_64-cpython-312/csrc/smxx/fwd_launch.o
      -D__CUDA_NO_HALF_OPERATORS__ -D__CUDA_NO_HALF_CONVERSIONS__ -D__CUDA_NO_BFLOAT16_CONVERSIONS__
      -D__CUDA_NO_HALF2_OPERATORS__ --expt-relaxed-constexpr --compiler-options ''"'"'-fPIC'"'"''
      -O3 -U__CUDA_NO_HALF_OPERATORS__ -U__CUDA_NO_HALF_CONVERSIONS__ -U__CUDA_NO_HALF2_OPERATORS__
      -U__CUDA_NO_BFLOAT16_CONVERSIONS__ --expt-relaxed-constexpr --expt-extended-lambda --use_fast_math
      --ptxas-options=-v,--register-usage-level=10,--warn-on-spills -lineinfo --threads 32 -gencode
      arch=compute_103a,code=sm_103a -DTORCH_API_INCLUDE_EXTENSION_H -DTORCH_EXTENSION_NAME=flash_kda_C
      -std=c++20
      FAILED: [code=255]
      /home/lcpu/88934705/lish/FlashKDA-uniform-h96/build/temp.linux-x86_64-cpython-312/csrc/smxx/fwd_launch.o
      /usr/local/cuda/bin/nvcc -MD -MF
      /home/lcpu/88934705/lish/FlashKDA-uniform-h96/build/temp.linux-x86_64-cpython-312/csrc/smxx/fwd_launch.o.d
      -I/home/lcpu/88934705/lish/FlashKDA-uniform-h96/cutlass/include
      -I/home/lcpu/88934705/lish/FlashKDA-uniform-h96/cutlass/examples/common
      -I/home/lcpu/88934705/lish/FlashKDA-uniform-h96/cutlass/tools/util/include
      -I/home/lcpu/88934705/lish/FlashKDA-uniform-h96/csrc
      -I/home/lcpu/88934705/lish/FlashKDA/.venv-full/lib/python3.12/site-packages/torch/include
      -I/home/lcpu/88934705/lish/FlashKDA/.venv-full/lib/python3.12/site-packages/torch/include/torch/csrc/api/include
      -I/usr/local/cuda/include -I/home/lcpu/88934705/lish/FlashKDA/.venv-full/include
      -I/home/lcpu/88934705/.local/share/uv/python/cpython-3.12.13-linux-x86_64-gnu/include/python3.12
      -c -c /home/lcpu/88934705/lish/FlashKDA-uniform-h96/csrc/smxx/fwd_launch.cu -o
      /home/lcpu/88934705/lish/FlashKDA-uniform-h96/build/temp.linux-x86_64-cpython-312/csrc/smxx/fwd_launch.o
      -D__CUDA_NO_HALF_OPERATORS__ -D__CUDA_NO_HALF_CONVERSIONS__ -D__CUDA_NO_BFLOAT16_CONVERSIONS__
      -D__CUDA_NO_HALF2_OPERATORS__ --expt-relaxed-constexpr --compiler-options ''"'"'-fPIC'"'"''
      -O3 -U__CUDA_NO_HALF_OPERATORS__ -U__CUDA_NO_HALF_CONVERSIONS__ -U__CUDA_NO_HALF2_OPERATORS__
      -U__CUDA_NO_BFLOAT16_CONVERSIONS__ --expt-relaxed-constexpr --expt-extended-lambda --use_fast_math
      --ptxas-options=-v,--register-usage-level=10,--warn-on-spills -lineinfo --threads 32 -gencode
      arch=compute_103a,code=sm_103a -DTORCH_API_INCLUDE_EXTENSION_H -DTORCH_EXTENSION_NAME=flash_kda_C
      -std=c++20
      /home/lcpu/88934705/lish/FlashKDA-uniform-h96/csrc/smxx/tcgen05_sm103_probe.cuh(796): warning
      #177-D: variable "lane" was declared but never referenced
            int const lane = tid & 31;
                      ^

      Remark: The warnings can be suppressed with "-diag-suppress <warning-number>"

      /home/lcpu/88934705/lish/FlashKDA-uniform-h96/csrc/smxx/tmem_k2_sm103.cuh(718): error: the default
      constructor of "flash_kda_sm103_tmem::TmemK2QPipelineSharedStorage" cannot be referenced -- it is a
      deleted function
            TmemK2QPipelineSharedStorage shared;
                                         ^
                detected during instantiation of "void
      launch_fwd<D,HasStateIn,HasStateOut,StateFP32,IsVarlen>(const cutlass::bfloat16_t *, const
      cutlass::bfloat16_t *, const cutlass::bfloat16_t *, const cutlass::bfloat16_t *, const
      cutlass::bfloat16_t *, const void *, const void *, float, void *, cutlass::bfloat16_t *, void
      *, int, int, int, int, const int64_t *, const float *, const float *, float, cudaStream_t)
      [with D=128, HasStateIn=true, HasStateOut=true, StateFP32=false, IsVarlen=true]" at line 1707 of
      /home/lcpu/88934705/lish/FlashKDA-uniform-h96/csrc/smxx/fwd_launch.cu

      /home/lcpu/88934705/lish/FlashKDA-uniform-h96/csrc/smxx/tmem_k2_sm103.cuh(750): warning #177-D:
      variable "kQVectors" was declared but never referenced
            constexpr int kQVectors =
                          ^
                detected during instantiation of "void
      launch_fwd<D,HasStateIn,HasStateOut,StateFP32,IsVarlen>(const cutlass::bfloat16_t *, const
      cutlass::bfloat16_t *, const cutlass::bfloat16_t *, const cutlass::bfloat16_t *, const
      cutlass::bfloat16_t *, const void *, const void *, float, void *, cutlass::bfloat16_t *, void
      *, int, int, int, int, const int64_t *, const float *, const float *, float, cudaStream_t)
      [with D=128, HasStateIn=true, HasStateOut=true, StateFP32=false, IsVarlen=true]" at line 1707 of
      /home/lcpu/88934705/lish/FlashKDA-uniform-h96/csrc/smxx/fwd_launch.cu

      1 error detected in the compilation of
      "/home/lcpu/88934705/lish/FlashKDA-uniform-h96/csrc/smxx/fwd_launch.cu".
      [2/3] c++ -MMD -MF
      /home/lcpu/88934705/lish/FlashKDA-uniform-h96/build/temp.linux-x86_64-cpython-312/csrc/flash_kda.o.d
      -pthread -fno-strict-overflow -Wsign-compare -Wunreachable-code -DNDEBUG -g
      -O3 -Wall -O3 -fstack-protector -fstack-clash-protection -U_FORTIFY_SOURCE
      -D_FORTIFY_SOURCE=2 -fno-omit-frame-pointer -mno-omit-leaf-frame-pointer
      -fPIC -fPIC -I/home/lcpu/88934705/lish/FlashKDA-uniform-h96/cutlass/include
      -I/home/lcpu/88934705/lish/FlashKDA-uniform-h96/cutlass/examples/common
      -I/home/lcpu/88934705/lish/FlashKDA-uniform-h96/cutlass/tools/util/include
      -I/home/lcpu/88934705/lish/FlashKDA-uniform-h96/csrc
      -I/home/lcpu/88934705/lish/FlashKDA/.venv-full/lib/python3.12/site-packages/torch/include
      -I/home/lcpu/88934705/lish/FlashKDA/.venv-full/lib/python3.12/site-packages/torch/include/torch/csrc/api/include
      -I/usr/local/cuda/include -I/home/lcpu/88934705/lish/FlashKDA/.venv-full/include
      -I/home/lcpu/88934705/.local/share/uv/python/cpython-3.12.13-linux-x86_64-gnu/include/python3.12
      -c -c /home/lcpu/88934705/lish/FlashKDA-uniform-h96/csrc/flash_kda.cpp -o
      /home/lcpu/88934705/lish/FlashKDA-uniform-h96/build/temp.linux-x86_64-cpython-312/csrc/flash_kda.o
      -O3 -Wno-psabi -DTORCH_API_INCLUDE_EXTENSION_H -DTORCH_EXTENSION_NAME=flash_kda_C -std=c++20
      In file included from
      /home/lcpu/88934705/lish/FlashKDA-uniform-h96/cutlass/include/cutlass/bfloat16.h:50,
                       from /home/lcpu/88934705/lish/FlashKDA-uniform-h96/csrc/fwd.h:4,
                       from /home/lcpu/88934705/lish/FlashKDA-uniform-h96/csrc/flash_kda.cpp:4:
      /home/lcpu/88934705/lish/FlashKDA-uniform-h96/cutlass/include/cutlass/platform/platform.h:658:21:
      warning: ‘long4’ is deprecated: use long4_16a or long4_32a [-Wdeprecated-declarations]
        658 | struct alignment_of<long4> {
            |                     ^~~~~
      In file included from /usr/local/cuda/include/driver_types.h:61,
                       from /usr/local/cuda/include/builtin_types.h:59,
                       from /usr/local/cuda/include/cuda_runtime_api.h:150,
                       from
      /home/lcpu/88934705/lish/FlashKDA/.venv-full/lib/python3.12/site-packages/torch/include/c10/cuda/CUDAStream.h:4,
                       from /home/lcpu/88934705/lish/FlashKDA-uniform-h96/csrc/flash_kda.cpp:2:
      /usr/local/cuda/include/vector_types.h:532:98: note: declared here
        532 | typedef __device_builtin__ struct long4 __VECTOR_TYPE_DEPRECATED__("use long4_16a or
      long4_32a") long4;
            |
      ^~~~~
      /home/lcpu/88934705/lish/FlashKDA-uniform-h96/cutlass/include/cutlass/platform/platform.h:662:21:
      warning: ‘ulong4’ is deprecated: use ulong4_16a or ulong4_32a [-Wdeprecated-declarations]
        662 | struct alignment_of<ulong4> {
            |                     ^~~~~~
      /usr/local/cuda/include/vector_types.h:533:101: note: declared here
        533 | typedef __device_builtin__ struct ulong4 __VECTOR_TYPE_DEPRECATED__("use ulong4_16a or
      ulong4_32a") ulong4;
            |
      ^~~~~~
      /home/lcpu/88934705/lish/FlashKDA-uniform-h96/cutlass/include/cutlass/platform/platform.h:666:21:
      warning: ‘longlong4’ is deprecated: use longlong4_16a or longlong4_32a [-Wdeprecated-declarations]
        666 | struct alignment_of<longlong4> {
            |                     ^~~~~~~~~
      /usr/local/cuda/include/vector_types.h:550:110: note: declared here
        550 | typedef __device_builtin__ struct longlong4 __VECTOR_TYPE_DEPRECATED__("use longlong4_16a or
      longlong4_32a") longlong4;
            |
      ^~~~~~~~~
      /home/lcpu/88934705/lish/FlashKDA-uniform-h96/cutlass/include/cutlass/platform/platform.h:670:21:
      warning: ‘ulonglong4’ is deprecated: use ulonglong4_16a or ulonglong4_32a
      [-Wdeprecated-declarations]
        670 | struct alignment_of<ulonglong4> {
            |                     ^~~~~~~~~~
      /usr/local/cuda/include/vector_types.h:551:113: note: declared here
        551 | typedef __device_builtin__ struct ulonglong4 __VECTOR_TYPE_DEPRECATED__("use ulonglong4_16a
      or ulonglong4_32a") ulonglong4;
            |
      ^~~~~~~~~~
      /home/lcpu/88934705/lish/FlashKDA-uniform-h96/cutlass/include/cutlass/platform/platform.h:674:21:
      warning: ‘double4’ is deprecated: use double4_16a or double4_32a [-Wdeprecated-declarations]
        674 | struct alignment_of<double4> {
            |                     ^~~~~~~
      /usr/local/cuda/include/vector_types.h:561:104: note: declared here
        561 | typedef __device_builtin__ struct double4 __VECTOR_TYPE_DEPRECATED__("use double4_16a or
      double4_32a") double4;
            |
      ^~~~~~~
      [3/3] /usr/local/cuda/bin/nvcc -MD -MF
      /home/lcpu/88934705/lish/FlashKDA-uniform-h96/build/temp.linux-x86_64-cpython-312/csrc/warmup_chunks.o.d
      -I/home/lcpu/88934705/lish/FlashKDA-uniform-h96/cutlass/include
      -I/home/lcpu/88934705/lish/FlashKDA-uniform-h96/cutlass/examples/common
      -I/home/lcpu/88934705/lish/FlashKDA-uniform-h96/cutlass/tools/util/include
      -I/home/lcpu/88934705/lish/FlashKDA-uniform-h96/csrc
      -I/home/lcpu/88934705/lish/FlashKDA/.venv-full/lib/python3.12/site-packages/torch/include
      -I/home/lcpu/88934705/lish/FlashKDA/.venv-full/lib/python3.12/site-packages/torch/include/torch/csrc/api/include
      -I/usr/local/cuda/include -I/home/lcpu/88934705/lish/FlashKDA/.venv-full/include
      -I/home/lcpu/88934705/.local/share/uv/python/cpython-3.12.13-linux-x86_64-gnu/include/python3.12
      -c -c /home/lcpu/88934705/lish/FlashKDA-uniform-h96/csrc/warmup_chunks.cu -o
      /home/lcpu/88934705/lish/FlashKDA-uniform-h96/build/temp.linux-x86_64-cpython-312/csrc/warmup_chunks.o
      -D__CUDA_NO_HALF_OPERATORS__ -D__CUDA_NO_HALF_CONVERSIONS__ -D__CUDA_NO_BFLOAT16_CONVERSIONS__
      -D__CUDA_NO_HALF2_OPERATORS__ --expt-relaxed-constexpr --compiler-options ''"'"'-fPIC'"'"''
      -O3 -U__CUDA_NO_HALF_OPERATORS__ -U__CUDA_NO_HALF_CONVERSIONS__ -U__CUDA_NO_HALF2_OPERATORS__
      -U__CUDA_NO_BFLOAT16_CONVERSIONS__ --expt-relaxed-constexpr --expt-extended-lambda --use_fast_math
      --ptxas-options=-v,--register-usage-level=10,--warn-on-spills -lineinfo --threads 32 -gencode
      arch=compute_103a,code=sm_103a -DTORCH_API_INCLUDE_EXTENSION_H -DTORCH_EXTENSION_NAME=flash_kda_C
      -std=c++20
      /home/lcpu/88934705/lish/FlashKDA/.venv-full/lib/python3.12/site-packages/torch/include/torch/csrc/api/include/torch/nn/modules/container/any_module_holder.h(93):
      warning #3189-D: "module" is parsed as an identifier rather than a keyword because the tokens that
      follow it do not match those of a preprocessor directive
                  module->_forward_populate_default_args(std::move(arguments)));
                  ^

      Remark: The warnings can be suppressed with "-diag-suppress <warning-number>"

      /home/lcpu/88934705/lish/FlashKDA/.venv-full/lib/python3.12/site-packages/torch/include/torch/csrc/api/include/torch/python.h(93):
      warning #3189-D: "module" is parsed as an identifier rather than a keyword because the tokens that
      follow it do not match those of a preprocessor directive
          module.attr(name) = wrapper_class;
          ^

      /home/lcpu/88934705/lish/FlashKDA/.venv-full/lib/python3.12/site-packages/torch/include/torch/csrc/api/include/torch/python.h(155):
      warning #3189-D: "module" is parsed as an identifier rather than a keyword because the tokens that
      follow it do not match those of a preprocessor directive
                      module.to(
                      ^

      /home/lcpu/88934705/lish/FlashKDA/.venv-full/lib/python3.12/site-packages/torch/include/torch/csrc/api/include/torch/python.h(159):
      warning #3189-D: "module" is parsed as an identifier rather than a keyword because the tokens that
      follow it do not match those of a preprocessor directive
                      module.to(detail::py_object_to_dtype(object), non_blocking);
                      ^

      /home/lcpu/88934705/lish/FlashKDA/.venv-full/lib/python3.12/site-packages/torch/include/torch/csrc/api/include/torch/python.h(170):
      warning #3189-D: "module" is parsed as an identifier rather than a keyword because the tokens that
      follow it do not match those of a preprocessor directive
                        module.to(detail::py_object_to_dtype(dtype), non_blocking);
                        ^

      /home/lcpu/88934705/lish/FlashKDA/.venv-full/lib/python3.12/site-packages/torch/include/torch/csrc/api/include/torch/python.h(172):
      warning #3189-D: "module" is parsed as an identifier rather than a keyword because the tokens that
      follow it do not match those of a preprocessor directive
                        module.to(detail::py_object_to_device(device), non_blocking);
                        ^

      /home/lcpu/88934705/lish/FlashKDA/.venv-full/lib/python3.12/site-packages/torch/include/torch/csrc/api/include/torch/python.h(174):
      warning #3189-D: "module" is parsed as an identifier rather than a keyword because the tokens that
      follow it do not match those of a preprocessor directive
                        module.to(
                        ^

      /home/lcpu/88934705/lish/FlashKDA/.venv-full/lib/python3.12/site-packages/torch/include/torch/csrc/api/include/torch/nn/modules/container/any_module_holder.h(93):
      warning #3189-D: "module" is parsed as an identifier rather than a keyword because the tokens that
      follow it do not match those of a preprocessor directive
                  module->_forward_populate_default_args(std::move(arguments)));
                  ^

      Remark: The warnings can be suppressed with "-diag-suppress <warning-number>"

      /home/lcpu/88934705/lish/FlashKDA/.venv-full/lib/python3.12/site-packages/torch/include/torch/csrc/api/include/torch/python.h(93):
      warning #3189-D: "module" is parsed as an identifier rather than a keyword because the tokens that
      follow it do not match those of a preprocessor directive
          module.attr(name) = wrapper_class;
          ^

      /home/lcpu/88934705/lish/FlashKDA/.venv-full/lib/python3.12/site-packages/torch/include/torch/csrc/api/include/torch/python.h(155):
      warning #3189-D: "module" is parsed as an identifier rather than a keyword because the tokens that
      follow it do not match those of a preprocessor directive
                      module.to(
                      ^

      /home/lcpu/88934705/lish/FlashKDA/.venv-full/lib/python3.12/site-packages/torch/include/torch/csrc/api/include/torch/python.h(159):
      warning #3189-D: "module" is parsed as an identifier rather than a keyword because the tokens that
      follow it do not match those of a preprocessor directive
                      module.to(detail::py_object_to_dtype(object), non_blocking);
                      ^

      /home/lcpu/88934705/lish/FlashKDA/.venv-full/lib/python3.12/site-packages/torch/include/torch/csrc/api/include/torch/python.h(170):
      warning #3189-D: "module" is parsed as an identifier rather than a keyword because the tokens that
      follow it do not match those of a preprocessor directive
                        module.to(detail::py_object_to_dtype(dtype), non_blocking);
                        ^

      /home/lcpu/88934705/lish/FlashKDA/.venv-full/lib/python3.12/site-packages/torch/include/torch/csrc/api/include/torch/python.h(172):
      warning #3189-D: "module" is parsed as an identifier rather than a keyword because the tokens that
      follow it do not match those of a preprocessor directive
                        module.to(detail::py_object_to_device(device), non_blocking);
                        ^

      /home/lcpu/88934705/lish/FlashKDA/.venv-full/lib/python3.12/site-packages/torch/include/torch/csrc/api/include/torch/python.h(174):
      warning #3189-D: "module" is parsed as an identifier rather than a keyword because the tokens that
      follow it do not match those of a preprocessor directive
                        module.to(
                        ^

      ptxas info    : 28 bytes gmem
      ptxas info    : Compiling entry function
      '_Z24get_warmup_chunks_kernelPK13__nv_bfloat16PKfS3_fifPKliiPiPb' for 'sm_103a'
      ptxas info    : Function properties for
      _Z24get_warmup_chunks_kernelPK13__nv_bfloat16PKfS3_fifPKliiPiPb
          0 bytes stack frame, 0 bytes spill stores, 0 bytes spill loads
      ptxas info    : Used 32 registers, used 1 barriers
      ptxas info    : Compile time = 10.154 ms
      ninja: build stopped: subcommand failed.

      [stderr]
      Traceback (most recent call last):
        File
      "/home/lcpu/88934705/lish/FlashKDA/.venv-full/lib/python3.12/site-packages/torch/utils/cpp_extension.py",
      line 2782, in _run_ninja_build
          subprocess.run(
        File
      "/home/lcpu/88934705/.local/share/uv/python/cpython-3.12.13-linux-x86_64-gnu/lib/python3.12/subprocess.py",
      line 571, in run
          raise CalledProcessError(retcode, process.args,
      subprocess.CalledProcessError: Command '['ninja', '-v']' returned non-zero exit status 255.

      The above exception was the direct cause of the following exception:

      Traceback (most recent call last):
        File "<string>", line 11, in <module>
        File
      "/home/lcpu/88934705/lish/FlashKDA/.venv-full/lib/python3.12/site-packages/setuptools/build_meta.py",
      line 438, in build_wheel
          return _build(['bdist_wheel', '--dist-info-dir', str(metadata_directory)])
                 ^^^^^^^^^^^^^^^^^^^^^^^^^^^^^^^^^^^^^^^^^^^^^^^^^^^^^^^^^^^^^^^^^^^
        File
      "/home/lcpu/88934705/lish/FlashKDA/.venv-full/lib/python3.12/site-packages/setuptools/build_meta.py",
      line 426, in _build
          return self._build_with_temp_dir(
                 ^^^^^^^^^^^^^^^^^^^^^^^^^^
        File
      "/home/lcpu/88934705/lish/FlashKDA/.venv-full/lib/python3.12/site-packages/setuptools/build_meta.py",
      line 407, in _build_with_temp_dir
          self.run_setup()
        File
      "/home/lcpu/88934705/lish/FlashKDA/.venv-full/lib/python3.12/site-packages/setuptools/build_meta.py",
      line 522, in run_setup
          super().run_setup(setup_script=setup_script)
        File
      "/home/lcpu/88934705/lish/FlashKDA/.venv-full/lib/python3.12/site-packages/setuptools/build_meta.py",
      line 320, in run_setup
          exec(code, locals())
        File "<string>", line 98, in <module>
        File
      "/home/lcpu/88934705/lish/FlashKDA/.venv-full/lib/python3.12/site-packages/setuptools/__init__.py",
      line 117, in setup
          return distutils.core.setup(**attrs)
                 ^^^^^^^^^^^^^^^^^^^^^^^^^^^^^
        File
      "/home/lcpu/88934705/lish/FlashKDA/.venv-full/lib/python3.12/site-packages/setuptools/_distutils/core.py",
      line 186, in setup
          return run_commands(dist)
                 ^^^^^^^^^^^^^^^^^^
        File
      "/home/lcpu/88934705/lish/FlashKDA/.venv-full/lib/python3.12/site-packages/setuptools/_distutils/core.py",
      line 202, in run_commands
          dist.run_commands()
        File
      "/home/lcpu/88934705/lish/FlashKDA/.venv-full/lib/python3.12/site-packages/setuptools/_distutils/dist.py",
      line 1002, in run_commands
          self.run_command(cmd)
        File "/home/lcpu/88934705/lish/FlashKDA/.venv-full/lib/python3.12/site-packages/setuptools/dist.py",
      line 1104, in run_command
          super().run_command(command)
        File
      "/home/lcpu/88934705/lish/FlashKDA/.venv-full/lib/python3.12/site-packages/setuptools/_distutils/dist.py",
      line 1021, in run_command
          cmd_obj.run()
        File
      "/home/lcpu/88934705/lish/FlashKDA/.venv-full/lib/python3.12/site-packages/setuptools/command/bdist_wheel.py",
      line 370, in run
          self.run_command("build")
        File
      "/home/lcpu/88934705/lish/FlashKDA/.venv-full/lib/python3.12/site-packages/setuptools/_distutils/cmd.py",
      line 357, in run_command
          self.distribution.run_command(command)
        File "/home/lcpu/88934705/lish/FlashKDA/.venv-full/lib/python3.12/site-packages/setuptools/dist.py",
      line 1104, in run_command
          super().run_command(command)
        File
      "/home/lcpu/88934705/lish/FlashKDA/.venv-full/lib/python3.12/site-packages/setuptools/_distutils/dist.py",
      line 1021, in run_command
          cmd_obj.run()
        File
      "/home/lcpu/88934705/lish/FlashKDA/.venv-full/lib/python3.12/site-packages/setuptools/_distutils/command/build.py",
      line 135, in run
          self.run_command(cmd_name)
        File
      "/home/lcpu/88934705/lish/FlashKDA/.venv-full/lib/python3.12/site-packages/setuptools/_distutils/cmd.py",
      line 357, in run_command
          self.distribution.run_command(command)
        File "/home/lcpu/88934705/lish/FlashKDA/.venv-full/lib/python3.12/site-packages/setuptools/dist.py",
      line 1104, in run_command
          super().run_command(command)
        File
      "/home/lcpu/88934705/lish/FlashKDA/.venv-full/lib/python3.12/site-packages/setuptools/_distutils/dist.py",
      line 1021, in run_command
          cmd_obj.run()
        File
      "/home/lcpu/88934705/lish/FlashKDA/.venv-full/lib/python3.12/site-packages/setuptools/command/build_ext.py",
      line 99, in run
          _build_ext.run(self)
        File
      "/home/lcpu/88934705/lish/FlashKDA/.venv-full/lib/python3.12/site-packages/setuptools/_distutils/command/build_ext.py",
      line 368, in run
          self.build_extensions()
        File
      "/home/lcpu/88934705/lish/FlashKDA/.venv-full/lib/python3.12/site-packages/torch/utils/cpp_extension.py",
      line 1184, in build_extensions
          build_ext.build_extensions(self)
        File
      "/home/lcpu/88934705/lish/FlashKDA/.venv-full/lib/python3.12/site-packages/setuptools/_distutils/command/build_ext.py",
      line 484, in build_extensions
          self._build_extensions_serial()
        File
      "/home/lcpu/88934705/lish/FlashKDA/.venv-full/lib/python3.12/site-packages/setuptools/_distutils/command/build_ext.py",
      line 510, in _build_extensions_serial
          self.build_extension(ext)
        File
      "/home/lcpu/88934705/lish/FlashKDA/.venv-full/lib/python3.12/site-packages/setuptools/command/build_ext.py",
      line 264, in build_extension
          _build_ext.build_extension(self, ext)
        File
      "/home/lcpu/88934705/lish/FlashKDA/.venv-full/lib/python3.12/site-packages/setuptools/_distutils/command/build_ext.py",
      line 565, in build_extension
          objects = self.compiler.compile(
                    ^^^^^^^^^^^^^^^^^^^^^^
        File
      "/home/lcpu/88934705/lish/FlashKDA/.venv-full/lib/python3.12/site-packages/torch/utils/cpp_extension.py",
      line 924, in unix_wrap_ninja_compile
          _write_ninja_file_and_compile_objects(
        File
      "/home/lcpu/88934705/lish/FlashKDA/.venv-full/lib/python3.12/site-packages/torch/utils/cpp_extension.py",
      line 2364, in _write_ninja_file_and_compile_objects
          _run_ninja_build(
        File
      "/home/lcpu/88934705/lish/FlashKDA/.venv-full/lib/python3.12/site-packages/torch/utils/cpp_extension.py",
      line 2799, in _run_ninja_build
          raise RuntimeError(message) from e
      RuntimeError: Error compiling objects for extension


hint: Build failures usually indicate a problem with the package or the build environment