[4181378] python3.12@127.0.0.1
  void _flash_kda_fwd_recurrence_bf16<TiledCopy<Copy_Atom<Copy_Traits<SM90_TMA_LOAD, C<2048>, AuxTmaParams<tuple<ScaledBasis<C<1>, 2>, ScaledBasis<C<1>, 1>, ScaledBasis<int, 0>>, const Layout<tuple<C<8>, C<16>, C<1>>, tuple<ScaledBasis<C<1>, 2>, ScaledBasis<C<1>, 1>, ScaledBasis<C<1>, 0>>> &, const Swizzle<0, 4, 3> &>>, bfloat16_t>, Layout<tuple<C<1>, tuple<tuple<tuple<C<8>, C<16>>, C<16>>>>, tuple<C<0>, tuple<tuple<tuple<C<16>, C<1>>, C<128>>>>>, tuple<C<1>, C<16>, C<128>>>, TiledCopy<Copy_Atom<Copy_Traits<SM90_TMA_LOAD, C<512>, AuxTmaParams<tuple<ScaledBasis<C<1>, 0>>, const Layout<tuple<C<32>>, tuple<ScaledBasis<C<1>, 0>>> &, const Swizzle<0, 4, 3> &>>, bfloat16_t>, Layout<tuple<C<1>, tuple<tuple<C<32>, C<1>>>>, tuple<C<0>, tuple<tuple<C<1>, C<0>>>>>, tuple<C<32>>>, TiledCopy<Copy_Atom<Copy_Traits<SM90_TMA_LOAD, C<2048>, AuxTmaParams<tuple<ScaledBasis<C<1>, 2>, ScaledBasis<C<1>, 1>, ScaledBasis<C<1>, 0>>, const Layout<tuple<C<8>, C<16>, C<1>>, tuple<ScaledBasis<C<1>, 2>, ScaledBasis<C<1>, 1>, ScaledBasis<C<1>, 0>>> &, const Swizzle<0, 4, 3> &>>, bfloat16_t>, Layout<tuple<C<1>, tuple<tuple<tuple<C<8>, C<16>>, C<16>>>>, tuple<C<0>, tuple<tuple<tuple<C<16>, C<1>>, C<128>>>>>, tuple<C<1>, C<16>, C<128>>>, TiledCopy<Copy_Atom<Copy_Traits<SM90_TMA_LOAD, C<2048>, AuxTmaParams<tuple<ScaledBasis<C<1>, 2>, ScaledBasis<C<1>, 1>, ScaledBasis<C<1>, 0>>, const Layout<tuple<C<8>, C<16>, C<1>>, tuple<ScaledBasis<C<1>, 2>, ScaledBasis<C<1>, 1>, ScaledBasis<C<1>, 0>>> &, const Swizzle<0, 4, 3> &>>, bfloat16_t>, Layout<tuple<C<1>, tuple<tuple<tuple<C<8>, C<16>>, C<16>>>>, tuple<C<0>, tuple<tuple<tuple<C<16>, C<1>>, C<128>>>>>, tuple<C<1>, C<16>, C<128>>>, TiledCopy<Copy_Atom<Copy_Traits<SM90_TMA_LOAD, C<2048>, AuxTmaParams<tuple<ScaledBasis<C<1>, 2>, ScaledBasis<C<1>, 1>, ScaledBasis<C<1>, 0>>, const Layout<tuple<C<8>, C<16>, C<1>>, tuple<ScaledBasis<C<1>, 2>, ScaledBasis<C<1>, 1>, ScaledBasis<C<1>, 0>>> &, const Swizzle<0, 4, 3> &>>, bfloat16_t>, Layout<tuple<C<1>, tuple<tuple<tuple<C<8>, C<16>>, C<16>>>>, tuple<C<0>, tuple<tuple<tuple<C<16>, C<1>>, C<128>>>>>, tuple<C<1>, C<16>, C<128>>>, TiledCopy<Copy_Atom<Copy_Traits<SM90_TMA_LOAD, C<4096>, AuxTmaParams<tuple<ScaledBasis<C<1>, 1>, ScaledBasis<C<1>, 0>>, const Layout<tuple<C<128>, C<1>>, tuple<ScaledBasis<C<1>, 1>, ScaledBasis<C<1>, 0>>> &, const Swizzle<0, 4, 3> &>>, float>, Layout<tuple<C<1>, tuple<tuple<C<128>, C<1>>>>, tuple<C<0>, tuple<tuple<C<1>, C<0>>>>>, tuple<C<1>, C<128>>>, TiledCopy<Copy_Atom<Copy_Traits<SM90_TMA_LOAD, C<2048>, AuxTmaParams<tuple<ScaledBasis<C<1>, 2>, ScaledBasis<C<1>, 1>, ScaledBasis<C<1>, 0>>, const Layout<tuple<C<8>, C<16>, C<1>>, tuple<ScaledBasis<C<1>, 2>, ScaledBasis<C<1>, 1>, ScaledBasis<C<1>, 0>>> &, const Swizzle<0, 4, 3> &>>, bfloat16_t>, Layout<tuple<C<1>, tuple<tuple<tuple<C<8>, C<16>>, C<2>>>>, tuple<C<0>, tuple<tuple<tuple<C<16>, C<1>>, C<128>>>>>, tuple<C<1>, C<16>, C<16>>>, TiledCopy<Copy_Atom<Copy_Traits<SM90_TMA_LOAD, C<2048>, AuxTmaParams<tuple<ScaledBasis<C<1>, 2>, ScaledBasis<C<1>, 1>, ScaledBasis<C<1>, 0>>, const Layout<tuple<C<8>, C<16>, C<1>>, tuple<ScaledBasis<C<1>, 2>, ScaledBasis<C<1>, 1>, ScaledBasis<C<1>, 0>>> &, const Swizzle<0, 4, 3> &>>, bfloat16_t>, Layout<tuple<C<1>, tuple<tuple<tuple<C<8>, C<16>>, C<2>>>>, tuple<C<0>, tuple<tuple<tuple<C<16>, C<1>>, C<128>>>>>, tuple<C<1>, C<16>, C<16>>>, TiledCopy<Copy_Atom<Copy_Traits<SM90_TMA_LOAD, C<16384>, AuxTmaParams<tuple<ScaledBasis<C<1>, 2>, ScaledBasis<C<1>, 1>, ScaledBasis<C<1>, 0>>, const Layout<tuple<C<8>, C<128>, C<1>>, tuple<ScaledBasis<C<1>, 2>, ScaledBasis<C<1>, 1>, ScaledBasis<C<1>, 0>>> &, const Swizzle<0, 4, 3> &>>, bfloat16_t>, Layout<tuple<C<1>, tuple<tuple<tuple<C<8>, C<128>>, C<16>>>>, tuple<C<0>, tuple<tuple<tuple<C<128>, C<1>>, C<1024>>>>>, tuple<C<1>, C<128>, C<128>>>, TiledCopy<Copy_Atom<Copy_Traits<SM90_TMA_LOAD, C<32768>, AuxTmaParams<tuple<ScaledBasis<C<1>, 2>, ScaledBasis<C<1>, 1>, ScaledBasis<C<1>, 0>>, const Layout<tuple<C<8>, C<128>, C<1>>, tuple<ScaledBasis<C<1>, 2>, ScaledBasis<C<1>, 1>, ScaledBasis<C<1>, 0>>> &, const Swizzle<1, 4, 3> &>>, float>, Layout<tuple<C<1>, tuple<tuple<tuple<C<8>, C<128>>, C<16>>>>, tuple<C<0>, tuple<tuple<tuple<C<128>, C<1>>, C<1024>>>>>, tuple<C<1>, C<128>, C<128>>>, TiledCopy<Copy_Atom<Copy_Traits<SM90_TMA_STORE, C<16384>, AuxTmaParams<tuple<ScaledBasis<C<1>, 2>, ScaledBasis<C<1>, 1>, ScaledBasis<C<1>, 0>>, const Layout<tuple<C<8>, C<128>, C<1>>, tuple<ScaledBasis<C<1>, 2>, ScaledBasis<C<1>, 1>, ScaledBasis<C<1>, 0>>> &, const Swizzle<0, 4, 3> &>>, bfloat16_t>, Layout<tuple<C<1>, tuple<tuple<tuple<C<8>, C<128>>, C<16>>>>, tuple<C<0>, tuple<tuple<tuple<C<128>, C<1>>, C<1024>>>>>, tuple<C<1>, C<128>, C<128>>>, TiledCopy<Copy_Atom<Copy_Traits<SM90_TMA_STORE, C<2048>, AuxTmaParams<tuple<ScaledBasis<C<1>, 2>, ScaledBasis<C<1>, 1>, ScaledBasis<int, 0>>, const Layout<tuple<C<8>, C<16>, C<1>>, tuple<ScaledBasis<C<1>, 2>, ScaledBasis<C<1>, 1>, ScaledBasis<C<1>, 0>>> &, const Swizzle<0, 4, 3> &>>, bfloat16_t>, Layout<tuple<C<1>, tuple<tuple<tuple<C<8>, C<16>>, C<16>>>>, tuple<C<0>, tuple<tuple<tuple<C<16>, C<1>>, C<128>>>>>, tuple<C<1>, C<16>, C<128>>>, 16, 128, 3, 2, 192, 1, 1, 0, 1, 0>(T1, T2, T3, T4, T5, T6, T7, T8, T9, T10, T11, T12, bfloat16_t *, int, int, int, int, const long *, int, unsigned int *, K1WorkspaceRawPointers) (8, 96, 1)x(192, 1, 1), Context 1, Stream 7, Device 0, CC 10.3
    Warning: Data collection happened without fixed GPU frequencies. Profiling results may be inconsistent.
    Section: GPU Speed Of Light Throughput
    ----------------------- ----------- ------------
    Metric Name             Metric Unit Metric Value
    ----------------------- ----------- ------------
    DRAM Frequency                  Ghz         4.00
    SM Frequency                    Ghz         1.90
    Elapsed Cycles                cycle       650275
    Memory Throughput                 %        53.29
    DRAM Throughput                   %        42.56
    Duration                         us       341.28
    L1/TEX Cache Throughput           %        60.26
    L2 Cache Throughput               %        37.34
    SM Active Cycles              cycle    574643.39
    Compute (SM) Throughput           %        42.88
    ----------------------- ----------- ------------

    OPT   This workload exhibits low compute throughput and memory bandwidth utilization relative to the peak           
          performance of this device. Achieved compute throughput and/or memory bandwidth below 60.0% of peak           
          typically indicate latency issues. Look at Scheduler Statistics and Warp State Statistics for potential       
          reasons.                                                                                                      

    Section: Memory Workload Analysis
    -------------------------------------- ----------- ------------
    Metric Name                            Metric Unit Metric Value
    -------------------------------------- ----------- ------------
    Local Memory Spilling Requests                                0
    Local Memory Spilling Request Overhead           %      no data
    Memory Throughput                          Tbyte/s         3.27
    Mem Busy                                         %        53.29
    Max Bandwidth                                    %        43.24
    L1/TEX Hit Rate                                  %        37.80
    L2 Persisting Size                           Mbyte        24.87
    L2 Compression Success Rate                      %            0
    L2 Compression Ratio                             %            0
    L2 Compression Input Sectors                sector         1816
    L2 Hit Rate                                      %        32.51
    Mem Pipes Busy                                   %        30.12
    -------------------------------------- ----------- ------------

    Section: Scheduler Statistics
    ---------------------------- ----------- ------------
    Metric Name                  Metric Unit Metric Value
    ---------------------------- ----------- ------------
    One or More Eligible                   %        48.57
    Issued Warp Per Scheduler                        0.49
    No Eligible                            %        51.43
    Active Warps Per Scheduler          warp         2.71
    Eligible Warps Per Scheduler        warp         0.70
    ---------------------------- ----------- ------------

    OPT   Est. Local Speedup: 46.71%                                                                                    
          Every scheduler is capable of issuing one instruction per cycle, but for this workload each scheduler only    
          issues an instruction every 2.1 cycles. This might leave hardware resources underutilized and may lead to     
          less optimal performance. Out of the maximum of 16 warps per scheduler, this workload allocates an average    
          of 2.71 active warps per scheduler, but only an average of 0.70 warps were eligible per cycle. Eligible       
          warps are the subset of active warps that are ready to issue their next instruction. Every cycle with no      
          eligible warp results in no instruction being issued and the issue slot remains unused. To increase the       
          number of eligible warps, avoid possible load imbalances due to highly different execution durations per      
          warp. Reducing stalls indicated on the Warp State Statistics and Source Counters sections can help, too.      

    Section: Warp State Statistics
    ---------------------------------------- ----------- ------------
    Metric Name                              Metric Unit Metric Value
    ---------------------------------------- ----------- ------------
    Warp Cycles Per Issued Instruction             cycle         5.59
    Warp Cycles Per Executed Instruction           cycle         5.61
    Avg. Active Threads Per Warp                                29.44
    Avg. Not Predicated Off Threads Per Warp                    28.71
    ---------------------------------------- ----------- ------------

    WRN   The optional metric smsp__pcsamp_sample_count could not be found. Collecting it as an additional metric could 
          enable the rule to provide more guidance.                                                                     

    Section: Launch Statistics
    -------------------------------- --------------- ---------------
    Metric Name                          Metric Unit    Metric Value
    -------------------------------- --------------- ---------------
    Block Size                                                   192
    Cluster Scheduling Policy                           PolicySpread
    Cluster Size                                                   0
    Function Cache Configuration                     CachePreferNone
    Grid Size                                                    768
    Preferred Cluster Size                                         0
    Registers Per Thread             register/thread             166
    Shared Memory Configuration Size           Kbyte          200.70
    Driver Shared Memory Per Block       Kbyte/block            1.02
    Dynamic Shared Memory Per Block      Kbyte/block           98.43
    Static Shared Memory Per Block        byte/block               0
    # SMs                                         SM             148
    Stack Size                                                  1024
    Threads                                   thread          147456
    # TPCs                                                        74
    Enabled TPC IDs                                              all
    Uses Green Context                                             0
    Waves Per SM                                                2.59
    -------------------------------- --------------- ---------------

    OPT   Est. Speedup: 33.33%                                                                                          
          A wave of thread blocks is defined as the maximum number of blocks that can be executed in parallel on the    
          target GPU. The number of blocks in a wave depends on the number of multiprocessors and the theoretical       
          occupancy of the kernel. This kernel launch results in 2 full waves and a partial wave of 177 thread blocks.  
          Under the assumption of a uniform execution duration of all thread blocks, this partial wave may account for  
          up to 33.3% of the total runtime of this kernel. Try launching a grid with no partial wave. The overall       
          impact of this tail effect also lessens with the number of full waves executed for a grid. See the Hardware   
          Model (https://docs.nvidia.com/nsight-compute/ProfilingGuide/index.html#metrics-hw-model) description for     
          more details on launch configurations.                                                                        

    Section: Occupancy
    ------------------------------- ----------- ------------
    Metric Name                     Metric Unit Metric Value
    ------------------------------- ----------- ------------
    Max Active Clusters                 cluster            0
    Max Cluster Size                      block            8
    Overall GPU Occupancy                     %            0
    Cluster Occupancy                         %            0
    Block Limit Barriers                  block            7
    Block Limit SM                        block           32
    Block Limit Registers                 block            2
    Block Limit Shared Mem                block            2
    Block Limit Warps                     block           10
    Theoretical Active Warps per SM        warp           12
    Theoretical Occupancy                     %        18.75
    Achieved Occupancy                        %        16.95
    Achieved Active Warps Per SM           warp        10.85
    ------------------------------- ----------- ------------

    OPT   Est. Speedup: 46.71%                                                                                          
          The 3.00 theoretical warps per scheduler this kernel can issue according to its occupancy are below the       
          hardware maximum of 16. This kernel's theoretical occupancy (18.8%) is limited by the number of required      
          registers, and the required amount of shared memory.                                                          

