===== RUN G1 =====
varlen shape=[8192,96,128] seq_lens=[1024, 1024, 1024, 1024, 1024, 1024, 1024, 1024] warmup=0 iters=1 repeats=1
  flash_kda (bf16 state) : mean=1.0119 ms, min=1.0119 ms, max=1.0119 ms
  flash_kda (no state)   : mean=0.6601 ms, min=0.6601 ms, max=0.6601 ms
  flash_kda (fp32 state) : mean=0.6875 ms, min=0.6875 ms, max=0.6875 ms
  chunk_kda : mean=2.6366 ms, min=2.6366 ms, max=2.6366 ms
  chunk_gated_delta_rule : mean=1.4018 ms, min=1.4018 ms, max=1.4018 ms
===== RUN H1 =====
varlen shape=[8192,96,128] seq_lens=[1024, 1024, 1024, 1024, 1024, 1024, 1024, 1024] warmup=0 iters=1 repeats=1
  flash_kda (bf16 state) : mean=0.9301 ms, min=0.9301 ms, max=0.9301 ms
  flash_kda (no state)   : mean=0.6548 ms, min=0.6548 ms, max=0.6548 ms
  flash_kda (fp32 state) : mean=0.6840 ms, min=0.6840 ms, max=0.6840 ms
  chunk_kda : mean=2.4708 ms, min=2.4708 ms, max=2.4708 ms
  chunk_gated_delta_rule : mean=1.3342 ms, min=1.3342 ms, max=1.3342 ms
===== RUN H2 =====
varlen shape=[8192,96,128] seq_lens=[1024, 1024, 1024, 1024, 1024, 1024, 1024, 1024] warmup=0 iters=1 repeats=1
  flash_kda (bf16 state) : mean=0.9233 ms, min=0.9233 ms, max=0.9233 ms
  flash_kda (no state)   : mean=0.6540 ms, min=0.6540 ms, max=0.6540 ms
  flash_kda (fp32 state) : mean=0.6861 ms, min=0.6861 ms, max=0.6861 ms
  chunk_kda : mean=2.4580 ms, min=2.4580 ms, max=2.4580 ms
  chunk_gated_delta_rule : mean=1.3290 ms, min=1.3290 ms, max=1.3290 ms
===== RUN G2 =====
varlen shape=[8192,96,128] seq_lens=[1024, 1024, 1024, 1024, 1024, 1024, 1024, 1024] warmup=0 iters=1 repeats=1
  flash_kda (bf16 state) : mean=0.9265 ms, min=0.9265 ms, max=0.9265 ms
  flash_kda (no state)   : mean=0.6537 ms, min=0.6537 ms, max=0.6537 ms
  flash_kda (fp32 state) : mean=0.6849 ms, min=0.6849 ms, max=0.6849 ms
  chunk_kda : mean=2.4532 ms, min=2.4532 ms, max=2.4532 ms
  chunk_gated_delta_rule : mean=1.3383 ms, min=1.3383 ms, max=1.3383 ms
Collecting data...
Generating '/tmp/nsys-report-0ac9.qdstrm'
[1/1] [0%                          ] nsys_uniform_h96_u11gh_interleaved.nsys-rep[1/1] [0%                          ] nsys_uniform_h96_u11gh_interleaved.nsys-rep[1/1] [14%                         ] nsys_uniform_h96_u11gh_interleaved.nsys-rep[1/1] [============55%             ] nsys_uniform_h96_u11gh_interleaved.nsys-rep[1/1] [=======================96%  ] nsys_uniform_h96_u11gh_interleaved.nsys-rep[1/1] [========================97% ] nsys_uniform_h96_u11gh_interleaved.nsys-rep[1/1] [========================98% ] nsys_uniform_h96_u11gh_interleaved.nsys-rep[1/1] [========================100%] nsys_uniform_h96_u11gh_interleaved.nsys-rep[1/1] [========================100%] nsys_uniform_h96_u11gh_interleaved.nsys-rep
Generated:
	/home/lcpu/88934705/lish/FlashKDA-uniform-h96/nsys_uniform_h96_u11gh_interleaved.nsys-rep
