                uint32_t* b_dst = reinterpret_cast<uint32_t*>(&tCrB_u_arr[i](0));
                b_dst[0] = u_b_regs[0]; b_dst[1] = u_b_regs[1];
                b_dst[2] = u_b_regs[2]; b_dst[3] = u_b_regs[3];

                clear(out_acc[i]);
                gemm(thr_mma, tCrA_k(_,_,Int<0>{}), tCrB_u_arr[i](_,_,Int<0>{}), out_acc[i]);

                SFragT gemm_bf16;
                cute::transform(out_acc[i], gemm_bf16, [] __device__ (float x) { return BF16(x); });
                cute::transform(out_bf16[i], gemm_bf16, out_bf16[i], [] __device__ (BF16 c, BF16 a) { return c + a; });
            }

            // ======== Phase 5: Store final out ========
            #pragma unroll
            for (int i = 0; i < 2; ++i) {
                Tensor out_block = local_tile(out_tile, make_shape(Int<16>{}, Int<16>{}), make_coord(0, warp_id * 2 + i));
                copy(smem_tiled_store_C, smem_thr_store_C.retile_S(out_bf16[i]), smem_thr_store_C.partition_D(out_block));
            }

            // ======== Phase 6: s_acc update ========
            // s_acc[D, D] = s_acc * g_total + k_restored_t[D, 16] @ U[16, D]
            // Each warp handles columns [warp_id*32, (warp_id+1)*32] = 2 x 16x16 blocks
            // U is already in tCrB_u_arr[0..1] as B operands (from Phase 4 MOVM_T)
            constexpr int S_M_BLOCKS = decltype(cute::size<0>(k_restored_t))::value / 16;

            Tensor tCrAi_kr = make_fragment_like<BF16>(thr_mma.partition_fragment_A(A_ref));
            auto tCrAi_kr_view = smem_thr_copy_A_T.retile_D(tCrAi_kr);

            AFragT ring_A_kr[PREFETCH];
            SFragT ring_S_acc[2][PREFETCH];
            float ring_g0[PREFETCH], ring_g1[PREFETCH];

            #pragma unroll
            for (int i = 0; i < PREFETCH; ++i) {
                Tensor kr_block = local_tile(k_restored_t, make_shape(Int<16>{}, Int<16>{}), make_coord(i, 0));
                copy(smem_tiled_copy_A_T, smem_thr_copy_A_T.partition_S(kr_block), tCrAi_kr_view);
                cute::transform(tCrAi_kr, ring_A_kr[i], cute::identity{});

                #pragma unroll
                for (int bi = 0; bi < 2; ++bi) {
                    Tensor s_block = local_tile(s_acc_T, make_shape(Int<16>{}, Int<16>{}), make_coord(i, warp_id * 2 + bi));
                    copy(smem_tiled_load_C_T, smem_thr_load_C_T.partition_S(s_block), smem_thr_load_C_T.retile_D(ring_S_acc[bi][i]));
                }

                ring_g0[i] = g_total(i * 16 + group_id);
                ring_g1[i] = g_total(i * 16 + group_id + 8);
            }

            #pragma unroll
            for (int m = 0; m < S_M_BLOCKS; ++m) {
                const int slot = m % PREFETCH;

                float g0 = ring_g0[slot];
                float g1 = ring_g1[slot];

                #pragma unroll
                for (int bi = 0; bi < 2; ++bi) {
                    clear(u_acc[bi]);
                    gemm(thr_mma, ring_A_kr[slot](_,_,Int<0>{}), tCrB_u_arr[bi](_,_,Int<0>{}), u_acc[bi]);
                }

                if (m + PREFETCH < S_M_BLOCKS) {
                    Tensor kr_next = local_tile(k_restored_t, make_shape(Int<16>{}, Int<16>{}), make_coord(m + PREFETCH, 0));
                    copy(smem_tiled_copy_A_T, smem_thr_copy_A_T.partition_S(kr_next), tCrAi_kr_view);
                    cute::transform(tCrAi_kr, ring_A_kr[slot], cute::identity{});

                    ring_g0[slot] = g_total((m + PREFETCH) * 16 + group_id);
                    ring_g1[slot] = g_total((m + PREFETCH) * 16 + group_id + 8);
                }

                #pragma unroll
                for (int bi = 0; bi < 2; ++bi) {
                    #pragma unroll
                    for (int a = 0; a < 2; ++a) {
                        #pragma unroll
                        for (int d = 0; d < 2; ++d) {
                            auto c0 = make_coord(make_coord(a, 0), 0, d);
                            auto c1 = make_coord(make_coord(a, 1), 0, d);
                            ring_S_acc[bi][slot](c0) = BF16(bf16_to_f32(ring_S_acc[bi][slot](c0)) * g0 + u_acc[bi](c0));
                            ring_S_acc[bi][slot](c1) = BF16(bf16_to_f32(ring_S_acc[bi][slot](c1)) * g1 + u_acc[bi](c1));
                        }
