        direct_final_store ? 6 : N;

    auto state_in_gmem_layout =
        make_layout(
            make_shape(initial_state_N * H, D, D),
            LayoutRight{}
        );

    auto state_out_gmem_layout =
        make_layout(
            make_shape(final_state_N * H, D, D),
            LayoutRight{}
        );

    Tensor m_q   = make_tensor(make_gmem_ptr(q_ptr), gmem_layout);
    Tensor m_k   = make_tensor(make_gmem_ptr(k_ptr), gmem_layout);
    Tensor m_v   = make_tensor(make_gmem_ptr(v_ptr), gmem_layout);
    Tensor m_out = make_tensor(make_gmem_ptr(out_ptr), gmem_layout);
    Tensor m_beta = make_tensor(make_gmem_ptr<BF16>(beta_ptr), beta_gmem_layout);

    // --- Workspace gmem layouts (separated arrays)
    int64_t n_ht = int64_t(H) * total_tiles;
    char* ws = reinterpret_cast<char*>(workspace_ptr);
    BF16*  ws_kd  = reinterpret_cast<BF16*>(ws);
    BF16*  ws_qd  = reinterpret_cast<BF16*>(ws + n_ht * WS::kKDecayed);
    BF16*  ws_kr  = reinterpret_cast<BF16*>(ws + n_ht * (WS::kKDecayed + WS::kQDecayed));
    float* ws_gt  = reinterpret_cast<float*>(ws + n_ht * (WS::kKDecayed + WS::kQDecayed + WS::kKRestored));
    BF16*  ws_inv = reinterpret_cast<BF16*>(ws + n_ht * (WS::kKDecayed + WS::kQDecayed + WS::kKRestored + WS::kGTotal));
    BF16*  ws_mqk = reinterpret_cast<BF16*>(ws + n_ht * (WS::kKDecayed + WS::kQDecayed + WS::kKRestored + WS::kGTotal + WS::kINV));


    K1WorkspaceRawPointers ws_raw{
        ws_kd,
        ws_qd,
        ws_kr,
        ws_gt,
        ws_inv,
        ws_mqk
    };

    int* ws_tile_prefix = reinterpret_cast<int*>(ws + n_ht * WS::kPerTile);

    int64_t tile_prefix_bytes =
        (int64_t(N + 1) * int64_t(sizeof(int)) + 127) / 128 * 128;

    uint32_t* ws_ready = reinterpret_cast<uint32_t*>(
        reinterpret_cast<char*>(ws_tile_prefix) + tile_prefix_bytes
    );

    int64_t ready_bytes =
        (n_ht * int64_t(sizeof(uint32_t)) + 127) / 128 * 128;

    auto ws_kd_gmem_layout = make_layout(make_shape(int(n_ht), CHUNK, D), LayoutRight{});
    auto ws_qd_gmem_layout = ws_kd_gmem_layout;
    auto ws_kr_gmem_layout = ws_kd_gmem_layout;
    auto ws_gt_gmem_layout = make_layout(make_shape(int(n_ht), D), LayoutRight{});
    auto ws_lm_gmem_layout = make_layout(make_shape(int(n_ht), CHUNK, CHUNK), LayoutRight{});

    Tensor m_ws_kd  = make_tensor(make_gmem_ptr(ws_kd), ws_kd_gmem_layout);
    Tensor m_ws_qd  = make_tensor(make_gmem_ptr(ws_qd), ws_qd_gmem_layout);
    Tensor m_ws_kr  = make_tensor(make_gmem_ptr(ws_kr), ws_kr_gmem_layout);
    Tensor m_ws_gt  = make_tensor(make_gmem_ptr(ws_gt), ws_gt_gmem_layout);
    Tensor m_ws_inv = make_tensor(make_gmem_ptr(ws_inv), ws_lm_gmem_layout);
    Tensor m_ws_mqk = make_tensor(make_gmem_ptr(ws_mqk), ws_lm_gmem_layout);

    // --- TMA descriptors for Kernel 1 (loads: q,k,beta; stores: workspace)
    auto tma_load_q    = make_tma_copy(SM90_TMA_LOAD{}, m_q, TMAQKLayout{});
    auto tma_load_k    = make_tma_copy(SM90_TMA_LOAD{}, m_k, TMAQKLayout{});
    auto tma_load_beta = make_tma_copy(SM90_TMA_LOAD{}, m_beta, TMABetaSmemLayout{});

    Tensor m_g = make_tensor(make_gmem_ptr(g_bf16_ptr), gmem_layout);
    auto tma_load_g = make_tma_copy(SM90_TMA_LOAD{}, m_g, TMAQKLayout{});

    auto dt_bias_gmem_layout = make_layout(make_shape(H, D), LayoutRight{});
    Tensor m_dt_bias = make_tensor(make_gmem_ptr(dt_bias_ptr), dt_bias_gmem_layout);
    auto tma_load_dt_bias = make_tma_copy(SM90_TMA_LOAD{}, m_dt_bias, TMAGTotalSmemLayout{});

    auto tma_store_ws_kd  = make_tma_copy(SM90_TMA_STORE{}, m_ws_kd, TMAVOLayout{});
    auto tma_store_ws_qd  = make_tma_copy(SM90_TMA_STORE{}, m_ws_qd, TMAVOLayout{});
    auto tma_store_ws_kr  = make_tma_copy(SM90_TMA_STORE{}, m_ws_kr, TMAVOLayout{});
    auto tma_store_ws_gt  = make_tma_copy(SM90_TMA_STORE{}, m_ws_gt, TMAGTotalSmemLayout{});
    auto tma_store_ws_inv = make_tma_copy(SM90_TMA_STORE{}, m_ws_inv, TMALMLayout{});
    auto tma_store_ws_mqk = make_tma_copy(SM90_TMA_STORE{}, m_ws_mqk, TMALMLayout{});

    // --- TMA descriptors for Kernel 2 (loads: v,beta,workspace; load/store: state,out)
    auto tma_load_v     = make_tma_copy(SM90_TMA_LOAD{}, m_v, TMAVOLayout{});
    auto tma_load_beta2 = make_tma_copy(SM90_TMA_LOAD{}, m_beta, TMABetaSmemLayout{});

    auto tma_load_ws_kd  = make_tma_copy(SM90_TMA_LOAD{}, m_ws_kd, TMAVOLayout{});
    auto tma_load_ws_qd  = make_tma_copy(SM90_TMA_LOAD{}, m_ws_qd, TMAVOLayout{});
    auto tma_load_ws_kr  = make_tma_copy(SM90_TMA_LOAD{}, m_ws_kr, TMAVOLayout{});
    auto tma_load_ws_gt  = make_tma_copy(SM90_TMA_LOAD{}, m_ws_gt, TMAGTotalSmemLayout{});
    auto tma_load_ws_inv = make_tma_copy(SM90_TMA_LOAD{}, m_ws_inv, TMALMLayout{});
    auto tma_load_ws_mqk = make_tma_copy(SM90_TMA_LOAD{}, m_ws_mqk, TMALMLayout{});

    auto tma_store_out = make_tma_copy(SM90_TMA_STORE{}, m_out, TMAVOLayout{});

    // --- State TMA descriptors (conditional on HasStateIn/HasStateOut and StateFP32)
    auto make_state_tma = [&]() {
        if constexpr (StateFP32) {
            // FP32 state TMA descriptors
