csrc/smxx/fwd_kernel2.cuh-146-    CUTE_GRID_CONSTANT TmaLoadWsKR const tma_load_ws_kr,
csrc/smxx/fwd_kernel2.cuh-147-    CUTE_GRID_CONSTANT TmaLoadWsGT const tma_load_ws_gt,
csrc/smxx/fwd_kernel2.cuh-148-    CUTE_GRID_CONSTANT TmaLoadWsINV const tma_load_ws_inv,
csrc/smxx/fwd_kernel2.cuh-149-    CUTE_GRID_CONSTANT TmaLoadWsMqk const tma_load_ws_mqk,
csrc/smxx/fwd_kernel2.cuh-150-    CUTE_GRID_CONSTANT TmaLoadState const tma_load_initial_state,
csrc/smxx/fwd_kernel2.cuh-151-    CUTE_GRID_CONSTANT TmaStoreState const tma_store_final_state,
csrc/smxx/fwd_kernel2.cuh-152-    CUTE_GRID_CONSTANT TmaStoreOut const tma_store_out,
csrc/smxx/fwd_kernel2.cuh-153-    cutlass::bfloat16_t* out_raw_ptr,
csrc/smxx/fwd_kernel2.cuh-154-    int T_total,
csrc/smxx/fwd_kernel2.cuh-155-    int H,
csrc/smxx/fwd_kernel2.cuh-156-    int N,
csrc/smxx/fwd_kernel2.cuh-157-    int final_state_N,
csrc/smxx/fwd_kernel2.cuh-158-    int64_t const* cu_seqlens,
csrc/smxx/fwd_kernel2.cuh-159-    int total_tiles,
csrc/smxx/fwd_kernel2.cuh:160:    uint32_t* ws_ready,
csrc/smxx/fwd_kernel2.cuh-161-    K1WorkspaceRawPointers ws_raw
csrc/smxx/fwd_kernel2.cuh-162-) {
csrc/smxx/fwd_kernel2.cuh-163-    using BF16 = cutlass::bfloat16_t;
csrc/smxx/fwd_kernel2.cuh-164-    using FP16 = cutlass::half_t;
csrc/smxx/fwd_kernel2.cuh-165-    using Layouts = K2Layouts<D, CHUNK>;
csrc/smxx/fwd_kernel2.cuh-166-    using MMALayout = typename Layouts::MMALayout;
csrc/smxx/fwd_kernel2.cuh-167-    using TransposedMMALayout = typename Layouts::TransposedMMALayout;
csrc/smxx/fwd_kernel2.cuh-168-    using VOLayout = typename Layouts::VOLayout;
csrc/smxx/fwd_kernel2.cuh-169-    using TransposedVOLayout = typename Layouts::TransposedVOLayout;
csrc/smxx/fwd_kernel2.cuh-170-    using BetaSmemLayout = typename Layouts::BetaSmemLayout;
csrc/smxx/fwd_kernel2.cuh-171-    using StateSmemLayout = typename Layouts::StateSmemLayout;
csrc/smxx/fwd_kernel2.cuh-172-    using TransposedStateSmemLayout = typename Layouts::TransposedStateSmemLayout;
csrc/smxx/fwd_kernel2.cuh-173-    using GTotalLayout = typename Layouts::GTotalLayout;
csrc/smxx/fwd_kernel2.cuh-174-    using LMLayout = typename Layouts::LMLayout;
--
csrc/smxx/fwd_kernel2.cuh-356-                cta_tma_load_v.partition_S(g_v_tile), cta_tma_load_v.partition_D(s_v_tile));
csrc/smxx/fwd_kernel2.cuh-357-
csrc/smxx/fwd_kernel2.cuh-358-            // TMA load beta (1D)
csrc/smxx/fwd_kernel2.cuh-359-            int beta_linear = head_idx * T_total + (int(bos) + t * CHUNK);
csrc/smxx/fwd_kernel2.cuh-360-            int beta_aligned = beta_linear & ~7;
csrc/smxx/fwd_kernel2.cuh-361-            auto beta_off = g_beta.layout()(beta_aligned);
csrc/smxx/fwd_kernel2.cuh-362-            Tensor g_beta_tile = make_tensor(g_beta.data() + beta_off, BetaSmemLayout{});
csrc/smxx/fwd_kernel2.cuh-363-            Tensor s_beta_tile = make_tensor(make_smem_ptr(shared_storage.input[stage].beta.begin()), TMABetaSmemLayout{});
csrc/smxx/fwd_kernel2.cuh-364-            cute::copy(tma_load_beta.with(*tma_barrier),
csrc/smxx/fwd_kernel2.cuh-365-                cta_tma_load_beta.partition_S(g_beta_tile), cta_tma_load_beta.partition_D(s_beta_tile));
csrc/smxx/fwd_kernel2.cuh-366-
csrc/smxx/fwd_kernel2.cuh-367-#if BLOCK_LEVEL_K1 >= 0
csrc/smxx/fwd_kernel2.cuh-368-            // v and beta do not depend on K1. They have already been issued
csrc/smxx/fwd_kernel2.cuh-369-            // before waiting for the corresponding workspace tile.
csrc/smxx/fwd_kernel2.cuh:370:            cuda::atomic_ref<uint32_t, cuda::thread_scope_device>
csrc/smxx/fwd_kernel2.cuh:371:                ready_ref(ws_ready[ws_idx]);
csrc/smxx/fwd_kernel2.cuh-372-
csrc/smxx/fwd_kernel2.cuh:373:            while (ready_ref.load(cuda::memory_order_acquire) == 0u) {
csrc/smxx/fwd_kernel2.cuh:374:                __nanosleep(64);
csrc/smxx/fwd_kernel2.cuh-375-            }
csrc/smxx/fwd_kernel2.cuh-376-
csrc/smxx/fwd_kernel2.cuh-377-            // The readiness flag is observed by the generic proxy while the
csrc/smxx/fwd_kernel2.cuh-378-            // following workspace reads are issued through the TMA async proxy.
csrc/smxx/fwd_kernel2.cuh-379-            asm volatile("fence.proxy.async.global;" ::: "memory");
csrc/smxx/fwd_kernel2.cuh-380-#endif
csrc/smxx/fwd_kernel2.cuh-381-
csrc/smxx/fwd_kernel2.cuh-382-            // P1-B:
csrc/smxx/fwd_kernel2.cuh-383-            // K1 stored the exact shared-memory byte images.
csrc/smxx/fwd_kernel2.cuh-384-            // Restore those byte images directly into the matching K2
csrc/smxx/fwd_kernel2.cuh-385-            // shared-memory layouts and attach all copies to the same
csrc/smxx/fwd_kernel2.cuh-386-            // PipelineTmaAsync transaction barrier.
csrc/smxx/fwd_kernel2.cuh-387-
csrc/smxx/fwd_kernel2.cuh-388-            cute::SM90_BULK_COPY_G2S::copy(
--
csrc/smxx/fwd_kernel2.cuh-872-    CUTE_GRID_CONSTANT TmaLoadWsGT const tma_load_ws_gt,
csrc/smxx/fwd_kernel2.cuh-873-    CUTE_GRID_CONSTANT TmaLoadWsINV const tma_load_ws_inv,
csrc/smxx/fwd_kernel2.cuh-874-    CUTE_GRID_CONSTANT TmaLoadWsMqk const tma_load_ws_mqk,
csrc/smxx/fwd_kernel2.cuh-875-    CUTE_GRID_CONSTANT TmaLoadState const tma_load_initial_state,
csrc/smxx/fwd_kernel2.cuh-876-    CUTE_GRID_CONSTANT TmaLoadCorrectionState const tma_load_correction_state,
csrc/smxx/fwd_kernel2.cuh-877-    CUTE_GRID_CONSTANT TmaStoreState const tma_store_final_state,
csrc/smxx/fwd_kernel2.cuh-878-    CUTE_GRID_CONSTANT TmaStoreOut const tma_store_out,
csrc/smxx/fwd_kernel2.cuh-879-    cutlass::bfloat16_t* out_raw_ptr,
csrc/smxx/fwd_kernel2.cuh-880-    int T_total,
csrc/smxx/fwd_kernel2.cuh-881-    int H,
csrc/smxx/fwd_kernel2.cuh-882-    int N,
csrc/smxx/fwd_kernel2.cuh-883-    int final_state_N,
csrc/smxx/fwd_kernel2.cuh-884-    int64_t const* cu_seqlens,
csrc/smxx/fwd_kernel2.cuh-885-    int total_tiles,
csrc/smxx/fwd_kernel2.cuh:886:    uint32_t* ws_ready,
csrc/smxx/fwd_kernel2.cuh-887-    K1WorkspaceRawPointers ws_raw
csrc/smxx/fwd_kernel2.cuh-888-) {
csrc/smxx/fwd_kernel2.cuh-889-    using BF16 = cutlass::bfloat16_t;
csrc/smxx/fwd_kernel2.cuh-890-    using FP16 = cutlass::half_t;
csrc/smxx/fwd_kernel2.cuh-891-    using Layouts = K2Layouts<D, CHUNK>;
csrc/smxx/fwd_kernel2.cuh-892-    using MMALayout = typename Layouts::MMALayout;
csrc/smxx/fwd_kernel2.cuh-893-    using TransposedMMALayout = typename Layouts::TransposedMMALayout;
csrc/smxx/fwd_kernel2.cuh-894-    using VOLayout = typename Layouts::VOLayout;
csrc/smxx/fwd_kernel2.cuh-895-    using TransposedVOLayout = typename Layouts::TransposedVOLayout;
csrc/smxx/fwd_kernel2.cuh-896-    using BetaSmemLayout = typename Layouts::BetaSmemLayout;
csrc/smxx/fwd_kernel2.cuh-897-    using StateSmemLayout = typename Layouts::StateSmemLayout;
csrc/smxx/fwd_kernel2.cuh-898-    using TransposedStateSmemLayout = typename Layouts::TransposedStateSmemLayout;
csrc/smxx/fwd_kernel2.cuh-899-    using GTotalLayout = typename Layouts::GTotalLayout;
csrc/smxx/fwd_kernel2.cuh-900-    using LMLayout = typename Layouts::LMLayout;
--
csrc/smxx/fwd_kernel2.cuh-1396-                cta_tma_load_v.partition_S(g_v_tile), cta_tma_load_v.partition_D(s_v_tile));
csrc/smxx/fwd_kernel2.cuh-1397-
csrc/smxx/fwd_kernel2.cuh-1398-            // TMA load beta (1D)
csrc/smxx/fwd_kernel2.cuh-1399-            int beta_linear = head_idx * T_total + (int(bos) + t * CHUNK);
csrc/smxx/fwd_kernel2.cuh-1400-            int beta_aligned = beta_linear & ~7;
csrc/smxx/fwd_kernel2.cuh-1401-            auto beta_off = g_beta.layout()(beta_aligned);
csrc/smxx/fwd_kernel2.cuh-1402-            Tensor g_beta_tile = make_tensor(g_beta.data() + beta_off, BetaSmemLayout{});
csrc/smxx/fwd_kernel2.cuh-1403-            Tensor s_beta_tile = make_tensor(make_smem_ptr(shared_storage.input[stage].beta.begin()), TMABetaSmemLayout{});
csrc/smxx/fwd_kernel2.cuh-1404-            cute::copy(tma_load_beta.with(*tma_barrier),
csrc/smxx/fwd_kernel2.cuh-1405-                cta_tma_load_beta.partition_S(g_beta_tile), cta_tma_load_beta.partition_D(s_beta_tile));
csrc/smxx/fwd_kernel2.cuh-1406-
csrc/smxx/fwd_kernel2.cuh-1407-#if BLOCK_LEVEL_K1 >= 0
csrc/smxx/fwd_kernel2.cuh-1408-            // v and beta do not depend on K1. They have already been issued
csrc/smxx/fwd_kernel2.cuh-1409-            // before waiting for the corresponding workspace tile.
csrc/smxx/fwd_kernel2.cuh:1410:            cuda::atomic_ref<uint32_t, cuda::thread_scope_device>
csrc/smxx/fwd_kernel2.cuh:1411:                ready_ref(ws_ready[ws_idx]);
csrc/smxx/fwd_kernel2.cuh-1412-
csrc/smxx/fwd_kernel2.cuh:1413:            while (ready_ref.load(cuda::memory_order_acquire) == 0u) {
csrc/smxx/fwd_kernel2.cuh:1414:                __nanosleep(64);
csrc/smxx/fwd_kernel2.cuh-1415-            }
csrc/smxx/fwd_kernel2.cuh-1416-
csrc/smxx/fwd_kernel2.cuh-1417-            // The readiness flag is observed by the generic proxy while the
csrc/smxx/fwd_kernel2.cuh-1418-            // following workspace reads are issued through the TMA async proxy.
csrc/smxx/fwd_kernel2.cuh-1419-            asm volatile("fence.proxy.async.global;" ::: "memory");
csrc/smxx/fwd_kernel2.cuh-1420-#endif
csrc/smxx/fwd_kernel2.cuh-1421-
csrc/smxx/fwd_kernel2.cuh-1422-            // P1-B:
csrc/smxx/fwd_kernel2.cuh-1423-            // K1 stored the exact shared-memory byte images.
csrc/smxx/fwd_kernel2.cuh-1424-            // Restore those byte images directly into the matching K2
csrc/smxx/fwd_kernel2.cuh-1425-            // shared-memory layouts and attach all copies to the same
csrc/smxx/fwd_kernel2.cuh-1426-            // PipelineTmaAsync transaction barrier.
csrc/smxx/fwd_kernel2.cuh-1427-
csrc/smxx/fwd_kernel2.cuh-1428-            cute::SM90_BULK_COPY_G2S::copy(
--
csrc/smxx/fwd_kernel2.cuh-2199-    CUTE_GRID_CONSTANT TmaLoadWsKR const tma_load_ws_kr,
csrc/smxx/fwd_kernel2.cuh-2200-    CUTE_GRID_CONSTANT TmaLoadWsGT const tma_load_ws_gt,
csrc/smxx/fwd_kernel2.cuh-2201-    CUTE_GRID_CONSTANT TmaLoadWsINV const tma_load_ws_inv,
csrc/smxx/fwd_kernel2.cuh-2202-    CUTE_GRID_CONSTANT TmaLoadWsMqk const tma_load_ws_mqk,
csrc/smxx/fwd_kernel2.cuh-2203-    CUTE_GRID_CONSTANT TmaLoadState const tma_load_initial_state,
csrc/smxx/fwd_kernel2.cuh-2204-    CUTE_GRID_CONSTANT TmaStoreState const tma_store_final_state,
csrc/smxx/fwd_kernel2.cuh-2205-    CUTE_GRID_CONSTANT TmaStoreOut const tma_store_out,
csrc/smxx/fwd_kernel2.cuh-2206-    cutlass::bfloat16_t* out_raw_ptr,
csrc/smxx/fwd_kernel2.cuh-2207-    int T_total,
csrc/smxx/fwd_kernel2.cuh-2208-    int H,
csrc/smxx/fwd_kernel2.cuh-2209-    int N,
csrc/smxx/fwd_kernel2.cuh-2210-    int final_state_N,
csrc/smxx/fwd_kernel2.cuh-2211-    int64_t const* cu_seqlens,
csrc/smxx/fwd_kernel2.cuh-2212-    int total_tiles,
csrc/smxx/fwd_kernel2.cuh:2213:    uint32_t* ws_ready,
csrc/smxx/fwd_kernel2.cuh-2214-    K1WorkspaceRawPointers ws_raw
csrc/smxx/fwd_kernel2.cuh-2215-) {
csrc/smxx/fwd_kernel2.cuh-2216-    using BF16 = cutlass::bfloat16_t;
csrc/smxx/fwd_kernel2.cuh-2217-    using FP16 = cutlass::half_t;
csrc/smxx/fwd_kernel2.cuh-2218-    using Layouts = K2Layouts<D, CHUNK>;
csrc/smxx/fwd_kernel2.cuh-2219-    using MMALayout = typename Layouts::MMALayout;
csrc/smxx/fwd_kernel2.cuh-2220-    using TransposedMMALayout = typename Layouts::TransposedMMALayout;
csrc/smxx/fwd_kernel2.cuh-2221-    using VOLayout = typename Layouts::VOLayout;
csrc/smxx/fwd_kernel2.cuh-2222-    using TransposedVOLayout = typename Layouts::TransposedVOLayout;
csrc/smxx/fwd_kernel2.cuh-2223-    using BetaSmemLayout = typename Layouts::BetaSmemLayout;
csrc/smxx/fwd_kernel2.cuh-2224-    using StateSmemLayout = typename Layouts::StateSmemLayout;
csrc/smxx/fwd_kernel2.cuh-2225-    using TransposedStateSmemLayout = typename Layouts::TransposedStateSmemLayout;
csrc/smxx/fwd_kernel2.cuh-2226-    using GTotalLayout = typename Layouts::GTotalLayout;
csrc/smxx/fwd_kernel2.cuh-2227-    using LMLayout = typename Layouts::LMLayout;
--
csrc/smxx/fwd_kernel2.cuh-2409-                cta_tma_load_v.partition_S(g_v_tile), cta_tma_load_v.partition_D(s_v_tile));
csrc/smxx/fwd_kernel2.cuh-2410-
csrc/smxx/fwd_kernel2.cuh-2411-            // TMA load beta (1D)
csrc/smxx/fwd_kernel2.cuh-2412-            int beta_linear = head_idx * T_total + (int(bos) + t * CHUNK);
csrc/smxx/fwd_kernel2.cuh-2413-            int beta_aligned = beta_linear & ~7;
csrc/smxx/fwd_kernel2.cuh-2414-            auto beta_off = g_beta.layout()(beta_aligned);
csrc/smxx/fwd_kernel2.cuh-2415-            Tensor g_beta_tile = make_tensor(g_beta.data() + beta_off, BetaSmemLayout{});
csrc/smxx/fwd_kernel2.cuh-2416-            Tensor s_beta_tile = make_tensor(make_smem_ptr(shared_storage.input[stage].beta.begin()), TMABetaSmemLayout{});
csrc/smxx/fwd_kernel2.cuh-2417-            cute::copy(tma_load_beta.with(*tma_barrier),
csrc/smxx/fwd_kernel2.cuh-2418-                cta_tma_load_beta.partition_S(g_beta_tile), cta_tma_load_beta.partition_D(s_beta_tile));
csrc/smxx/fwd_kernel2.cuh-2419-
csrc/smxx/fwd_kernel2.cuh-2420-#if BLOCK_LEVEL_K1 >= 0
csrc/smxx/fwd_kernel2.cuh-2421-            // v and beta do not depend on K1. They have already been issued
csrc/smxx/fwd_kernel2.cuh-2422-            // before waiting for the corresponding workspace tile.
csrc/smxx/fwd_kernel2.cuh:2423:            cuda::atomic_ref<uint32_t, cuda::thread_scope_device>
csrc/smxx/fwd_kernel2.cuh:2424:                ready_ref(ws_ready[ws_idx]);
csrc/smxx/fwd_kernel2.cuh-2425-
csrc/smxx/fwd_kernel2.cuh:2426:            while (ready_ref.load(cuda::memory_order_acquire) == 0u) {
csrc/smxx/fwd_kernel2.cuh:2427:                __nanosleep(64);
csrc/smxx/fwd_kernel2.cuh-2428-            }
csrc/smxx/fwd_kernel2.cuh-2429-
csrc/smxx/fwd_kernel2.cuh-2430-            // The readiness flag is observed by the generic proxy while the
csrc/smxx/fwd_kernel2.cuh-2431-            // following workspace reads are issued through the TMA async proxy.
csrc/smxx/fwd_kernel2.cuh-2432-            asm volatile("fence.proxy.async.global;" ::: "memory");
csrc/smxx/fwd_kernel2.cuh-2433-#endif
csrc/smxx/fwd_kernel2.cuh-2434-
csrc/smxx/fwd_kernel2.cuh-2435-            // P1-B:
csrc/smxx/fwd_kernel2.cuh-2436-            // K1 stored the exact shared-memory byte images.
csrc/smxx/fwd_kernel2.cuh-2437-            // Restore those byte images directly into the matching K2
csrc/smxx/fwd_kernel2.cuh-2438-            // shared-memory layouts and attach all copies to the same
csrc/smxx/fwd_kernel2.cuh-2439-            // PipelineTmaAsync transaction barrier.
csrc/smxx/fwd_kernel2.cuh-2440-
csrc/smxx/fwd_kernel2.cuh-2441-            cute::SM90_BULK_COPY_G2S::copy(
--
csrc/smxx/fwd_launch.cu-121-    K1WorkspaceRawPointers ws_raw{
csrc/smxx/fwd_launch.cu-122-        ws_kd,
csrc/smxx/fwd_launch.cu-123-        ws_qd,
csrc/smxx/fwd_launch.cu-124-        ws_kr,
csrc/smxx/fwd_launch.cu-125-        ws_gt,
csrc/smxx/fwd_launch.cu-126-        ws_inv,
csrc/smxx/fwd_launch.cu-127-        ws_mqk
csrc/smxx/fwd_launch.cu-128-    };
csrc/smxx/fwd_launch.cu-129-
csrc/smxx/fwd_launch.cu-130-    int* ws_tile_prefix = reinterpret_cast<int*>(ws + n_ht * WS::kPerTile);
csrc/smxx/fwd_launch.cu-131-
csrc/smxx/fwd_launch.cu-132-    int64_t tile_prefix_bytes =
csrc/smxx/fwd_launch.cu-133-        (int64_t(N + 1) * int64_t(sizeof(int)) + 127) / 128 * 128;
csrc/smxx/fwd_launch.cu-134-
csrc/smxx/fwd_launch.cu:135:    uint32_t* ws_ready = reinterpret_cast<uint32_t*>(
csrc/smxx/fwd_launch.cu-136-        reinterpret_cast<char*>(ws_tile_prefix) + tile_prefix_bytes
csrc/smxx/fwd_launch.cu-137-    );
csrc/smxx/fwd_launch.cu-138-
csrc/smxx/fwd_launch.cu-139-    int64_t ready_bytes =
csrc/smxx/fwd_launch.cu-140-        (n_ht * int64_t(sizeof(uint32_t)) + 127) / 128 * 128;
csrc/smxx/fwd_launch.cu-141-
csrc/smxx/fwd_launch.cu-142-    auto ws_kd_gmem_layout = make_layout(make_shape(int(n_ht), CHUNK, D), LayoutRight{});
csrc/smxx/fwd_launch.cu-143-    auto ws_qd_gmem_layout = ws_kd_gmem_layout;
csrc/smxx/fwd_launch.cu-144-    auto ws_kr_gmem_layout = ws_kd_gmem_layout;
csrc/smxx/fwd_launch.cu-145-    auto ws_gt_gmem_layout = make_layout(make_shape(int(n_ht), D), LayoutRight{});
csrc/smxx/fwd_launch.cu-146-    auto ws_lm_gmem_layout = make_layout(make_shape(int(n_ht), CHUNK, CHUNK), LayoutRight{});
csrc/smxx/fwd_launch.cu-147-
csrc/smxx/fwd_launch.cu-148-    Tensor m_ws_kd  = make_tensor(make_gmem_ptr(ws_kd), ws_kd_gmem_layout);
csrc/smxx/fwd_launch.cu-149-    Tensor m_ws_qd  = make_tensor(make_gmem_ptr(ws_qd), ws_qd_gmem_layout);
--
csrc/smxx/fwd_launch.cu-225-    auto m_correction_state =
csrc/smxx/fwd_launch.cu-226-        make_tensor(
csrc/smxx/fwd_launch.cu-227-            make_gmem_ptr(correction_state_load_ptr),
csrc/smxx/fwd_launch.cu-228-            correction_state_gmem_layout
csrc/smxx/fwd_launch.cu-229-        );
csrc/smxx/fwd_launch.cu-230-
csrc/smxx/fwd_launch.cu-231-    auto tma_load_correction_state =
csrc/smxx/fwd_launch.cu-232-        make_tma_copy(
csrc/smxx/fwd_launch.cu-233-            SM90_TMA_LOAD{},
csrc/smxx/fwd_launch.cu-234-            m_correction_state,
csrc/smxx/fwd_launch.cu-235-            TMAFP32StateSmemLayout{}
csrc/smxx/fwd_launch.cu-236-        );
csrc/smxx/fwd_launch.cu-237-
csrc/smxx/fwd_launch.cu-238-#if BLOCK_LEVEL_K1 >= 0
csrc/smxx/fwd_launch.cu:239:    cudaMemsetAsync(ws_ready, 0, ready_bytes, stream);
csrc/smxx/fwd_launch.cu-240-#endif
csrc/smxx/fwd_launch.cu-241-
csrc/smxx/fwd_launch.cu-242-    // ============================================================
csrc/smxx/fwd_launch.cu-243-    // P0-B: experimental K1 producer / K2 consumer overlap.
csrc/smxx/fwd_launch.cu-244-    //
csrc/smxx/fwd_launch.cu-245-    // For now, enable it only for our primary fixed benchmark:
csrc/smxx/fwd_launch.cu-246-    //   N=1, T=8192, H=96, D=128.
csrc/smxx/fwd_launch.cu-247-    //
csrc/smxx/fwd_launch.cu-248-    // All other shapes keep the original same-stream scheduling.
csrc/smxx/fwd_launch.cu-249-    // ============================================================
csrc/smxx/fwd_launch.cu-250-    bool use_k1k2_overlap = false;
csrc/smxx/fwd_launch.cu-251-    cudaStream_t k1_stream = stream;
csrc/smxx/fwd_launch.cu-252-    cudaStream_t k2_stream = stream;
csrc/smxx/fwd_launch.cu-253-
--
csrc/smxx/fwd_launch.cu-448-        }
csrc/smxx/fwd_launch.cu-449-
csrc/smxx/fwd_launch.cu-450-        dim3 grid_k1 = use_k1k2_overlap
csrc/smxx/fwd_launch.cu-451-            ? dim3(k1_tiles * H, 1, 1)
csrc/smxx/fwd_launch.cu-452-            : dim3(k1_tiles, H, 1);
csrc/smxx/fwd_launch.cu-453-
csrc/smxx/fwd_launch.cu-454-        dim3 block_k1(kK1Threads);
csrc/smxx/fwd_launch.cu-455-
csrc/smxx/fwd_launch.cu-456-        kernel1<<<grid_k1, block_k1, smem_size_k1_launch, k1_stream>>>(
csrc/smxx/fwd_launch.cu-457-            tma_load_q, tma_load_k, tma_load_beta,
csrc/smxx/fwd_launch.cu-458-            tma_load_g, tma_load_dt_bias,
csrc/smxx/fwd_launch.cu-459-            tma_store_ws_kd, tma_store_ws_qd, tma_store_ws_kr,
csrc/smxx/fwd_launch.cu-460-            tma_store_ws_gt, tma_store_ws_inv, tma_store_ws_mqk,
csrc/smxx/fwd_launch.cu-461-            scale, T_total, H, N, cu_seqlens_ptr, total_tiles,
csrc/smxx/fwd_launch.cu:462:            A_log_ptr, gate_scale, ws_tile_prefix, nullptr, ws_ready, ws_raw
csrc/smxx/fwd_launch.cu-463-        );
csrc/smxx/fwd_launch.cu-464-
csrc/smxx/fwd_launch.cu-465-        if (use_k1k2_overlap) {
csrc/smxx/fwd_launch.cu-466-            cudaEventRecord(
csrc/smxx/fwd_launch.cu-467-                producer_done_event,
csrc/smxx/fwd_launch.cu-468-                k1_stream
csrc/smxx/fwd_launch.cu-469-            );
csrc/smxx/fwd_launch.cu-470-        }
csrc/smxx/fwd_launch.cu-471-    }
csrc/smxx/fwd_launch.cu-472-#endif
csrc/smxx/fwd_launch.cu-473-
csrc/smxx/fwd_launch.cu-474-    // ===== Launch Kernel 2 (recurrence) =====
csrc/smxx/fwd_launch.cu-475-#if BLOCK_LEVEL_K2 >= 0
csrc/smxx/fwd_launch.cu-476-    {
--
csrc/smxx/fwd_launch.cu-561-                tma_load_ws_gt,
csrc/smxx/fwd_launch.cu-562-                tma_load_ws_inv,
csrc/smxx/fwd_launch.cu-563-                tma_load_ws_mqk,
csrc/smxx/fwd_launch.cu-564-                tma_load_initial_state,
csrc/smxx/fwd_launch.cu-565-                tma_load_correction_state,
csrc/smxx/fwd_launch.cu-566-                tma_store_final_state,
csrc/smxx/fwd_launch.cu-567-                tma_store_out,
csrc/smxx/fwd_launch.cu-568-                out_ptr,
csrc/smxx/fwd_launch.cu-569-                T_total,
csrc/smxx/fwd_launch.cu-570-                H,
csrc/smxx/fwd_launch.cu-571-                N,
csrc/smxx/fwd_launch.cu-572-                final_state_N,
csrc/smxx/fwd_launch.cu-573-                cu_seqlens_ptr,
csrc/smxx/fwd_launch.cu-574-                total_tiles,
csrc/smxx/fwd_launch.cu:575:                ws_ready,
csrc/smxx/fwd_launch.cu-576-                ws_raw
csrc/smxx/fwd_launch.cu-577-            );
csrc/smxx/fwd_launch.cu-578-        } else {
csrc/smxx/fwd_launch.cu-579-            kernel2<<<
csrc/smxx/fwd_launch.cu-580-                grid_k2,
csrc/smxx/fwd_launch.cu-581-                block_k2,
csrc/smxx/fwd_launch.cu-582-                smem_size_k2,
csrc/smxx/fwd_launch.cu-583-                k2_stream
csrc/smxx/fwd_launch.cu-584-            >>>(
csrc/smxx/fwd_launch.cu-585-                tma_load_v,
csrc/smxx/fwd_launch.cu-586-                tma_load_beta2,
csrc/smxx/fwd_launch.cu-587-                tma_load_ws_kd,
csrc/smxx/fwd_launch.cu-588-                tma_load_ws_qd,
csrc/smxx/fwd_launch.cu-589-                tma_load_ws_kr,
csrc/smxx/fwd_launch.cu-590-                tma_load_ws_gt,
csrc/smxx/fwd_launch.cu-591-                tma_load_ws_inv,
csrc/smxx/fwd_launch.cu-592-                tma_load_ws_mqk,
csrc/smxx/fwd_launch.cu-593-                tma_load_initial_state,
csrc/smxx/fwd_launch.cu-594-                tma_store_final_state,
csrc/smxx/fwd_launch.cu-595-                tma_store_out,
csrc/smxx/fwd_launch.cu-596-                out_ptr,
csrc/smxx/fwd_launch.cu-597-                T_total,
csrc/smxx/fwd_launch.cu-598-                H,
csrc/smxx/fwd_launch.cu-599-                N,
csrc/smxx/fwd_launch.cu-600-                final_state_N,
csrc/smxx/fwd_launch.cu-601-                cu_seqlens_ptr,
csrc/smxx/fwd_launch.cu-602-                total_tiles,
csrc/smxx/fwd_launch.cu:603:                ws_ready,
csrc/smxx/fwd_launch.cu-604-                ws_raw
csrc/smxx/fwd_launch.cu-605-            );
csrc/smxx/fwd_launch.cu-606-        }
csrc/smxx/fwd_launch.cu-607-
csrc/smxx/fwd_launch.cu-608-        if (use_k1k2_overlap) {
csrc/smxx/fwd_launch.cu-609-            cudaEventRecord(
csrc/smxx/fwd_launch.cu-610-                consumer_done_event,
csrc/smxx/fwd_launch.cu-611-                k2_stream
csrc/smxx/fwd_launch.cu-612-            );
csrc/smxx/fwd_launch.cu-613-
csrc/smxx/fwd_launch.cu-614-            // Join the asynchronous DAG back to the caller stream.
csrc/smxx/fwd_launch.cu-615-            // The benchmark's end event will therefore measure the
csrc/smxx/fwd_launch.cu-616-            // complete K1/K2 pipeline, not just host launch latency.
csrc/smxx/fwd_launch.cu-617-            cudaStreamWaitEvent(
--
csrc/smxx/fwd_launch.cu-925-        ws_kr,
csrc/smxx/fwd_launch.cu-926-        ws_gt,
csrc/smxx/fwd_launch.cu-927-        ws_inv,
csrc/smxx/fwd_launch.cu-928-        ws_mqk
csrc/smxx/fwd_launch.cu-929-    };
csrc/smxx/fwd_launch.cu-930-
csrc/smxx/fwd_launch.cu-931-    int* ws_tile_prefix =
csrc/smxx/fwd_launch.cu-932-        reinterpret_cast<int*>(
csrc/smxx/fwd_launch.cu-933-            ws + n_ht * WS::kPerTile);
csrc/smxx/fwd_launch.cu-934-
csrc/smxx/fwd_launch.cu-935-    int64_t tile_prefix_bytes =
csrc/smxx/fwd_launch.cu-936-        (int64_t(N + 1) * int64_t(sizeof(int)) + 127)
csrc/smxx/fwd_launch.cu-937-        / 128 * 128;
csrc/smxx/fwd_launch.cu-938-
csrc/smxx/fwd_launch.cu:939:    uint32_t* ws_ready =
csrc/smxx/fwd_launch.cu-940-        reinterpret_cast<uint32_t*>(
csrc/smxx/fwd_launch.cu-941-            reinterpret_cast<char*>(ws_tile_prefix)
csrc/smxx/fwd_launch.cu-942-            + tile_prefix_bytes);
csrc/smxx/fwd_launch.cu-943-
csrc/smxx/fwd_launch.cu-944-    int64_t ready_bytes =
csrc/smxx/fwd_launch.cu-945-        (n_ht * int64_t(sizeof(uint32_t)) + 127)
csrc/smxx/fwd_launch.cu-946-        / 128 * 128;
csrc/smxx/fwd_launch.cu-947-
csrc/smxx/fwd_launch.cu-948-    auto ws_kd_gmem_layout =
csrc/smxx/fwd_launch.cu-949-        make_layout(
csrc/smxx/fwd_launch.cu-950-            make_shape(int(n_ht), CHUNK, D),
csrc/smxx/fwd_launch.cu-951-            LayoutRight{});
csrc/smxx/fwd_launch.cu-952-
csrc/smxx/fwd_launch.cu-953-    auto ws_qd_gmem_layout =
--
csrc/smxx/fwd_launch.cu-1124-        kernel1,
csrc/smxx/fwd_launch.cu-1125-        cudaFuncAttributeMaxDynamicSharedMemorySize,
csrc/smxx/fwd_launch.cu-1126-        smem_size_k1);
csrc/smxx/fwd_launch.cu-1127-
csrc/smxx/fwd_launch.cu-1128-    // Current optimized varlen path uses a tile-prefix table.
csrc/smxx/fwd_launch.cu-1129-    _flash_kda_build_tile_prefix<<<1, 32, 0, stream>>>(
csrc/smxx/fwd_launch.cu-1130-        cu_seqlens_ptr,
csrc/smxx/fwd_launch.cu-1131-        N,
csrc/smxx/fwd_launch.cu-1132-        CHUNK,
csrc/smxx/fwd_launch.cu-1133-        ws_tile_prefix);
csrc/smxx/fwd_launch.cu-1134-
csrc/smxx/fwd_launch.cu-1135-    // K1 always publishes ready flags; give it a valid clean buffer
csrc/smxx/fwd_launch.cu-1136-    // even though state_only itself does not consume these flags.
csrc/smxx/fwd_launch.cu-1137-    cudaMemsetAsync(
csrc/smxx/fwd_launch.cu:1138:        ws_ready,
csrc/smxx/fwd_launch.cu-1139-        0,
csrc/smxx/fwd_launch.cu-1140-        ready_bytes,
csrc/smxx/fwd_launch.cu-1141-        stream);
csrc/smxx/fwd_launch.cu-1142-
csrc/smxx/fwd_launch.cu-1143-        int warmup_grid_x = total_tiles;
csrc/smxx/fwd_launch.cu-1144-
csrc/smxx/fwd_launch.cu-1145-    const char* compact_warmup_env =
csrc/smxx/fwd_launch.cu-1146-        std::getenv("FLASHKDA_CP_COMPACT_WARMUP_K1");
csrc/smxx/fwd_launch.cu-1147-
csrc/smxx/fwd_launch.cu-1148-    bool compact_warmup_k1 =
csrc/smxx/fwd_launch.cu-1149-        compact_warmup_env != nullptr &&
csrc/smxx/fwd_launch.cu-1150-        compact_warmup_env[0] == '1' &&
csrc/smxx/fwd_launch.cu-1151-        T_total == 8192 &&
csrc/smxx/fwd_launch.cu-1152-        H == 96 &&
--
csrc/smxx/fwd_launch.cu-1183-            tma_store_ws_kr,
csrc/smxx/fwd_launch.cu-1184-            tma_store_ws_gt,
csrc/smxx/fwd_launch.cu-1185-            tma_store_ws_inv,
csrc/smxx/fwd_launch.cu-1186-            tma_store_ws_mqk,
csrc/smxx/fwd_launch.cu-1187-            scale,
csrc/smxx/fwd_launch.cu-1188-            T_total,
csrc/smxx/fwd_launch.cu-1189-            H,
csrc/smxx/fwd_launch.cu-1190-            N,
csrc/smxx/fwd_launch.cu-1191-            cu_seqlens_ptr,
csrc/smxx/fwd_launch.cu-1192-            total_tiles,
csrc/smxx/fwd_launch.cu-1193-            A_log_ptr,
csrc/smxx/fwd_launch.cu-1194-            gate_scale,
csrc/smxx/fwd_launch.cu-1195-            ws_tile_prefix,
csrc/smxx/fwd_launch.cu-1196-            num_warmup_chunks_ptr,
csrc/smxx/fwd_launch.cu:1197:            ws_ready,
csrc/smxx/fwd_launch.cu-1198-            ws_raw);
csrc/smxx/fwd_launch.cu-1199-}
csrc/smxx/fwd_launch.cu-1200-
csrc/smxx/fwd_launch.cu-1201-// Explicit instantiation for CP state preparation.
csrc/smxx/fwd_launch.cu-1202-template void launch_kernel1_warmup_only<128>(
csrc/smxx/fwd_launch.cu-1203-    cutlass::bfloat16_t const*,
csrc/smxx/fwd_launch.cu-1204-    cutlass::bfloat16_t const*,
csrc/smxx/fwd_launch.cu-1205-    cutlass::bfloat16_t const*,
csrc/smxx/fwd_launch.cu-1206-    cutlass::bfloat16_t const*,
csrc/smxx/fwd_launch.cu-1207-    float,
csrc/smxx/fwd_launch.cu-1208-    void*,
csrc/smxx/fwd_launch.cu-1209-    int,
csrc/smxx/fwd_launch.cu-1210-    int,
csrc/smxx/fwd_launch.cu-1211-    int,
